Component: ARM Compiler 5.06 update 6 (build 750) Tool: armlink [4d35ed]

==============================================================================

Section Cross References

    source.o(i.DMA1_Channel1_IRQHandler) refers to adc_controller.o(i._ZN13ADCController7ProcessEv) for ADCController::Process()
    source.o(i.DMA1_Channel1_IRQHandler) refers to source.o(.bss) for adc
    source.o(i.TIM3_IRQHandler) refers to source.o(i._Z23LL_TIM_ClearFlag_UPDATEP11TIM_TypeDef) for LL_TIM_ClearFlag_UPDATE(TIM_TypeDef*)
    source.o(i.TIM3_IRQHandler) refers to mpu_controller.o(i._ZN13MPUController13ReadAccelDataEv) for MPUController::ReadAccelData()
    source.o(i.TIM3_IRQHandler) refers to mpu_controller.o(i._ZN13MPUController12ReadGyroDataEv) for MPUController::ReadGyroData()
    source.o(i.TIM3_IRQHandler) refers to mpu_controller.o(i._ZN13MPUController15FilterAccelDataEv) for MPUController::FilterAccelData()
    source.o(i.TIM3_IRQHandler) refers to mpu_controller.o(i._ZN13MPUController14FilterGyroDataEv) for MPUController::FilterGyroData()
    source.o(i.TIM3_IRQHandler) refers to mpu_controller.o(i._ZN13MPUController7CountRPEv) for MPUController::CountRP()
    source.o(i.TIM3_IRQHandler) refers to source.o(i._Z11DutyVoltagev) for DutyVoltage()
    source.o(i.TIM3_IRQHandler) refers to source.o(.bss) for mpu1
    source.o(i.TIM6_DAC_LPTIM1_IRQHandler) refers to source.o(i._Z23LL_TIM_ClearFlag_UPDATEP11TIM_TypeDef) for LL_TIM_ClearFlag_UPDATE(TIM_TypeDef*)
    source.o(i.TIM6_DAC_LPTIM1_IRQHandler) refers to source.o(i._Z22LL_GPIO_ResetOutputPinP12GPIO_TypeDefj) for LL_GPIO_ResetOutputPin(GPIO_TypeDef*, unsigned)
    source.o(i.TIM6_DAC_LPTIM1_IRQHandler) refers to source.o(.data) for brake_trig
    source.o(i._Z10ADCVoltagev) refers to adc_controller.o(i._ZN13ADCController13GetRawMeasureEPKc) for ADCController::GetRawMeasure(const char*)
    source.o(i._Z10ADCVoltagev) refers to aeabi_sdiv.o(.text) for __aeabi_idivmod
    source.o(i._Z10ADCVoltagev) refers to source.o(.bss) for adc
    source.o(i._Z11DutyVoltagev) refers to daddsub.o(.text) for __aeabi_dsub
    source.o(i._Z11DutyVoltagev) refers to dmul.o(.text) for __aeabi_dmul
    source.o(i._Z11DutyVoltagev) refers to ddiv.o(.text) for __aeabi_ddiv
    source.o(i._Z11DutyVoltagev) refers to source.o(.bss) for mpu1
    source.o(i._Z11DutyVoltagev) refers to source.o(.data) for interval
    source.o(i._Z13LinearVoltagev) refers to dlef.o(x$fpl$dleqf) for __aeabi_cdcmple
    source.o(i._Z13LinearVoltagev) refers to drlef.o(x$fpl$drleqf) for __aeabi_cdrcmple
    source.o(i._Z13LinearVoltagev) refers to daddsub.o(.text) for __aeabi_dsub
    source.o(i._Z13LinearVoltagev) refers to dmul.o(.text) for __aeabi_dmul
    source.o(i._Z13LinearVoltagev) refers to ddiv.o(.text) for __aeabi_ddiv
    source.o(i._Z13LinearVoltagev) refers to source.o(.bss) for mpu1
    source.o(i._Z18ExpanentialVoltagev) refers to dlef.o(x$fpl$dleqf) for __aeabi_cdcmple
    source.o(i._Z18ExpanentialVoltagev) refers to drlef.o(x$fpl$drleqf) for __aeabi_cdrcmple
    source.o(i._Z18ExpanentialVoltagev) refers to dmul.o(.text) for __aeabi_dmul
    source.o(i._Z18ExpanentialVoltagev) refers to daddsub.o(.text) for __aeabi_dadd
    source.o(i._Z18ExpanentialVoltagev) refers to source.o(.bss) for mpu1
    source.o(i._Z7InitADCv) refers to new.o(i._Znwj) for operator new(unsigned)
    source.o(i._Z7InitADCv) refers to rt_memclr.o(.text) for __aeabi_memclr4
    source.o(i._Z7InitADCv) refers to adc_controller.o(i._ZN13ADCController7AddLineEP10ADC_Struct) for ADCController::AddLine(ADC_Struct*)
    source.o(i._Z7InitADCv) refers to adc_controller.o(i._ZN13ADCController4InitEv) for ADCController::Init()
    source.o(i._Z7InitADCv) refers to source.o(.bss) for adc
    source.o(i._Z7InitDACv) refers to new.o(i._Znwj) for operator new(unsigned)
    source.o(i._Z7InitDACv) refers to rt_memclr.o(.text) for __aeabi_memclr4
    source.o(i._Z7InitDACv) refers to dac_controller.o(i._ZN13DACController7AddLineEP10DAC_Struct) for DACController::AddLine(DAC_Struct*)
    source.o(i._Z7InitDACv) refers to dac_controller.o(i._ZN13DACController4InitEv) for DACController::Init()
    source.o(i._Z7InitDACv) refers to source.o(.data) for dac
    source.o(i._Z7InitRCCv) refers to source.o(i._Z22LL_RCC_SetSysClkSourcej) for LL_RCC_SetSysClkSource(unsigned)
    source.o(i._Z7InitRCCv) refers to system_stm32g0xx.o(i.SystemCoreClockUpdate) for SystemCoreClockUpdate
    source.o(i._Z8InitGPIOv) refers to stm32g0xx_ll_gpio.o(i.LL_GPIO_Init) for LL_GPIO_Init
    source.o(i._Z8InitGPIOv) refers to source.o(i._Z22LL_GPIO_ResetOutputPinP12GPIO_TypeDefj) for LL_GPIO_ResetOutputPin(GPIO_TypeDef*, unsigned)
    source.o(i._Z8InitSPI1v) refers to rt_memcpy.o(.emb_text) for __aeabi_memcpy4
    source.o(i._Z8InitSPI1v) refers to spi_controller.o(i._ZN13SPIController4InitE10SPI_Struct) for SPIController::Init(SPI_Struct)
    source.o(i._Z8InitSPI1v) refers to source.o(.bss) for spi1
[...]
    adc_controller.cpp                       0x00000000   Number         0  adc_controller.o ABSOLUTE
    dac_controller.cpp                       0x00000000   Number         0  dac_controller.o ABSOLUTE
    dac_controller.cpp                       0x00000000   Number         0  dac_controller.o ABSOLUTE
    dc.s                                     0x00000000   Number         0  dc.o ABSOLUTE
    mpu_controller.cpp                       0x00000000   Number         0  mpu_controller.o ABSOLUTE
    mpu_controller.cpp                       0x00000000   Number         0  mpu_controller.o ABSOLUTE
    periph_use.c                             0x00000000   Number         0  periph_use.o ABSOLUTE
    periph_use.c                             0x00000000   Number         0  periph_use.o ABSOLUTE
    spi_controller.cpp                       0x00000000   Number         0  spi_controller.o ABSOLUTE
    spi_controller.cpp                       0x00000000   Number         0  spi_controller.o ABSOLUTE
    RESET                                    0x08000000   Section      188  startup_stm32g071xx.o(RESET)
    !!!main                                  0x080000bc   Section        8  __main.o(!!!main)
    !!!scatter                               0x080000c4   Section       60  __scatter.o(!!!scatter)
    !!handler_copy                           0x08000100   Section       26  __scatter_copy.o(!!handler_copy)
    !!handler_zi                             0x0800011c   Section       28  __scatter_zi.o(!!handler_zi)
    .ARM.Collect$$libinit$$00000000          0x08000138   Section        2  libinit.o(.ARM.Collect$$libinit$$00000000)
    .ARM.Collect$$libinit$$00000002          0x0800013a   Section        0  libinit2.o(.ARM.Collect$$libinit$$00000002)
    .ARM.Collect$$libinit$$00000004          0x0800013a   Section        0  libinit2.o(.ARM.Collect$$libinit$$00000004)
    .ARM.Collect$$libinit$$00000005          0x0800013a   Section        8  libinit2.o(.ARM.Collect$$libinit$$00000005)
    .ARM.Collect$$libinit$$0000000A          0x08000142   Section        0  libinit2.o(.ARM.Collect$$libinit$$0000000A)
    .ARM.Collect$$libinit$$0000000C          0x08000142   Section        0  libinit2.o(.ARM.Collect$$libinit$$0000000C)
    .ARM.Collect$$libinit$$0000000E          0x08000142   Section        0  libinit2.o(.ARM.Collect$$libinit$$0000000E)
    .ARM.Collect$$libinit$$00000011          0x08000142   Section        0  libinit2.o(.ARM.Collect$$libinit$$00000011)
    .ARM.Collect$$libinit$$00000013          0x08000142   Section        0  libinit2.o(.ARM.Collect$$libinit$$00000013)
    .ARM.Collect$$libinit$$00000015          0x08000142   Section        0  libinit2.o(.ARM.Collect$$libinit$$00000015)
    .ARM.Collect$$libinit$$00000017          0x08000142   Section        0  libinit2.o(.ARM.Collect$$libinit$$00000017)
    .ARM.Collect$$libinit$$00000019          0x08000142   Section        0  libinit2.o(.ARM.Collect$$libinit$$00000019)
    .ARM.Collect$$libinit$$0000001B          0x08000142   Section        0  libinit2.o(.ARM.Collect$$libinit$$0000001B)
    .ARM.Collect$$libinit$$0000001D          0x08000142   Section        0  libinit2.o(.ARM.Collect$$libinit$$0000001D)
    .ARM.Collect$$libinit$$0000001F          0x08000142   Section        0  libinit2.o(.ARM.Collect$$libinit$$0000001F)
    .ARM.Collect$$libinit$$00000021          0x08000142   Section        0  libinit2.o(.ARM.Collect$$libinit$$00000021)
    .ARM.Collect$$libinit$$00000023          0x08000142   Section        0  libinit2.o(.ARM.Collect$$libinit$$00000023)
    .ARM.Collect$$libinit$$00000025          0x08000142   Section        0  libinit2.o(.ARM.Collect$$libinit$$00000025)
    .ARM.Collect$$libinit$$0000002C          0x08000142   Section        0  libinit2.o(.ARM.Collect$$libinit$$0000002C)
    .ARM.Collect$$libinit$$0000002E          0x08000142   Section        0  libinit2.o(.ARM.Collect$$libinit$$0000002E)
    .ARM.Collect$$libinit$$00000030          0x08000142   Section        0  libinit2.o(.ARM.Collect$$libinit$$00000030)
    .ARM.Collect$$libinit$$00000031          0x08000142   Section        4  libinit2.o(.ARM.Collect$$libinit$$00000031)
    .ARM.Collect$$libinit$$00000032          0x08000146   Section        0  libinit2.o(.ARM.Collect$$libinit$$00000032)
    .ARM.Collect$$libinit$$00000033          0x08000146   Section        2  libinit2.o(.ARM.Collect$$libinit$$00000033)
    .ARM.Collect$$libshutdown$$00000000      0x08000148   Section        2  libshutdown.o(.ARM.Collect$$libshutdown$$00000000)
    .ARM.Collect$$libshutdown$$00000001      0x0800014a   Section        6  libshutdown2.o(.ARM.Collect$$libshutdown$$00000001)
    .ARM.Collect$$libshutdown$$00000002      0x08000150   Section        0  libshutdown2.o(.ARM.Collect$$libshutdown$$00000002)
    .ARM.Collect$$libshutdown$$00000004      0x08000150   Section        0  libshutdown2.o(.ARM.Collect$$libshutdown$$00000004)
    .ARM.Collect$$libshutdown$$00000007      0x08000150   Section        0  libshutdown2.o(.ARM.Collect$$libshutdown$$00000007)
    .ARM.Collect$$libshutdown$$0000000A      0x08000150   Section        0  libshutdown2.o(.ARM.Collect$$libshutdown$$0000000A)
    .ARM.Collect$$libshutdown$$0000000C      0x08000150   Section        0  libshutdown2.o(.ARM.Collect$$libshutdown$$0000000C)
    .ARM.Collect$$libshutdown$$0000000F      0x08000150   Section        0  libshutdown2.o(.ARM.Collect$$libshutdown$$0000000F)
    .ARM.Collect$$libshutdown$$00000010      0x08000150   Section        2  libshutdown2.o(.ARM.Collect$$libshutdown$$00000010)
    .ARM.Collect$$rtentry$$00000000          0x08000152   Section        0  __rtentry.o(.ARM.Collect$$rtentry$$00000000)
    .ARM.Collect$$rtentry$$00000002          0x08000152   Section        0  __rtentry2.o(.ARM.Collect$$rtentry$$00000002)
    .ARM.Collect$$rtentry$$00000004          0x08000152   Section        6  __rtentry4.o(.ARM.Collect$$rtentry$$00000004)
    .ARM.Collect$$rtentry$$00000009          0x08000158   Section        0  __rtentry2.o(.ARM.Collect$$rtentry$$00000009)
    .ARM.Collect$$rtentry$$0000000A          0x08000158   Section        4  __rtentry2.o(.ARM.Collect$$rtentry$$0000000A)
    .ARM.Collect$$rtentry$$0000000C          0x0800015c   Section        0  __rtentry2.o(.ARM.Collect$$rtentry$$0000000C)
    .ARM.Collect$$rtentry$$0000000D          0x0800015c   Section        8  __rtentry2.o(.ARM.Collect$$rtentry$$0000000D)
    .ARM.Collect$$rtexit$$00000000           0x08000164   Section        2  rtexit.o(.ARM.Collect$$rtexit$$00000000)
    .ARM.Collect$$rtexit$$00000002           0x08000166   Section        0  rtexit2.o(.ARM.Collect$$rtexit$$00000002)
    .ARM.Collect$$rtexit$$00000003           0x08000166   Section        4  rtexit2.o(.ARM.Collect$$rtexit$$00000003)
    .ARM.Collect$$rtexit$$00000004           0x0800016a   Section        6  rtexit2.o(.ARM.Collect$$rtexit$$00000004)
    .emb_text                                0x08000170   Section       56  rt_memcpy.o(.emb_text)
    .emb_text                                0x080001a8   Section        0  maybetermalloc1.o(.emb_text)
    .text                                    0x080001a8   Section       56  startup_stm32g071xx.o(.text)
    .text                                    0x080001e0   Section        0  aeabi_atexit.o(.text)
    .text                                    0x0800020a   Section        0  rt_memclr.o(.text)
    .text                                    0x0800024c   Section        0  strcmp.o(.text)
    .text                                    0x080002d4   Section      346  aeabi_sdiv.o(.text)
    .text                                    0x0800042e   Section        0  heapauxi.o(.text)
    .text                                    0x08000434   Section        0  init_aeabi.o(.text)
    .text                                    0x08000458   Section        0  d2f.o(.text)
    .text                                    0x080004d4   Section        0  daddsub.o(.text)
    _dadd1                                   0x080004d5   Thumb Code   290  daddsub.o(.text)
    _dsub1                                   0x080005f7   Thumb Code   470  daddsub.o(.text)
    .text                                    0x0800082c   Section        0  ddiv.o(.text)
    .text                                    0x08000c74   Section        0  dfixui.o(.text)
    .text                                    0x08000cbc   Section        0  dflti.o(.text)
    .text                                    0x08000d14   Section        0  dmul.o(.text)
    .text                                    0x08000f5c   Section        0  f2d.o(.text)
    .text                                    0x08000fb0   Section        8  rt_new_handler_addr_intlibspace.o(.text)
    .text                                    0x08000fb8   Section        8  rt_ddtor_pointer_addr_intlibspace.o(.text)
    .text                                    0x08000fc0   Section        0  h1_alloc.o(.text)
    .text                                    0x08001022   Section        0  cxa_finalize.o(.text)
    .text                                    0x08001064   Section        0  arm_newhandler_noexceptions.o(.text)
    .text                                    0x0800106c   Section        0  dcmpin.o(.text)
    .text                                    0x080010fc   Section        0  fdiv.o(.text)
    .text                                    0x0800125c   Section        8  libspace.o(.text)
    .text                                    0x08001264   Section        8  rt_heap_descriptor_intlibspace.o(.text)
    .text                                    0x0800126c   Section        0  hguard.o(.text)
    .text                                    0x08001270   Section        0  init_alloc.o(.text)
    .text                                    0x080012f8   Section        0  h1_init.o(.text)
    .text                                    0x08001306   Section        0  h1_free.o(.text)
    .text                                    0x08001352   Section        0  arm_exceptions_terminate.o(.text)
    .text                                    0x0800136e   Section        0  cmpret.o(.text)
    .text                                    0x0800139c   Section        0  dnan2.o(.text)
    .text                                    0x080013b0   Section        0  fscalbn.o(.text)
    .text                                    0x080013f4   Section       62  sys_stackheap_outer.o(.text)
    .text                                    0x08001432   Section        0  h1_extend.o(.text)
    .text                                    0x08001466   Section        0  exit.o(.text)
    .text                                    0x08001476   Section        0  abort.o(.text)
    .text                                    0x0800148a   Section        0  defsig_rtmem_outer.o(.text)
    .text                                    0x08001498   Section        0  arm_exceptions_globs.o(.text)
    [local to arm_exceptions_c]::__default_terminate_handler() 0x08001499   Thumb Code     6  arm_exceptions_globs.o(.text)
    .text                                    0x080014ec   Section        0  retnan.o(.text)
    .text                                    0x0800154c   Section        0  sys_exit.o(.text)
    .text                                    0x08001558   Section        2  use_no_semi.o(.text)
    .text                                    0x0800155a   Section        0  indicate_semi.o(.text)
    .text                                    0x0800155c   Section        8  rt_eh_globals_addr_intlibspace.o(.text)
    .text                                    0x08001564   Section        0  defsig_exit.o(.text)
    .text                                    0x08001570   Section        0  defsig_abrt_outer.o(.text)
    .text                                    0x0800157c   Section        0  defsig_rtmem_inner.o(.text)
    .text                                    0x080015cc   Section        0  arm_exceptions_mem.o(.text)
    .text                                    0x0800160e   Section        0  defsig_general.o(.text)
    .text                                    0x08001644   Section        0  defsig_abrt_inner.o(.text)
    .text                                    0x08001674   Section        0  sys_wrch.o(.text)
    i.DMA1_Channel1_IRQHandler               0x08001680   Section        0  source.o(i.DMA1_Channel1_IRQHandler)
    i.EnableDmaIRQn                          0x080016ac   Section        0  periph_use.o(i.EnableDmaIRQn)
    i.EnableTimIRQn                          0x08001700   Section        0  periph_use.o(i.EnableTimIRQn)
    i.LL_ADC_Init                            0x0800176c   Section        0  stm32g0xx_ll_adc.o(i.LL_ADC_Init)
    i.LL_ADC_IsEnabled                       0x080017ac   Section        0  stm32g0xx_ll_adc.o(i.LL_ADC_IsEnabled)
    LL_ADC_IsEnabled                         0x080017ad   Thumb Code    16  stm32g0xx_ll_adc.o(i.LL_ADC_IsEnabled)
    i.LL_ADC_REG_Init                        0x080017bc   Section        0  stm32g0xx_ll_adc.o(i.LL_ADC_REG_Init)
    i.LL_DAC_Init                            0x08001838   Section        0  stm32g0xx_ll_dac.o(i.LL_DAC_Init)
    i.LL_DMA_Init                            0x080018dc   Section        0  stm32g0xx_ll_dma.o(i.LL_DMA_Init)
    i.LL_DMA_SetPeriphRequest                0x08001970   Section        0  stm32g0xx_ll_dma.o(i.LL_DMA_SetPeriphRequest)
    LL_DMA_SetPeriphRequest                  0x08001971   Thumb Code    30  stm32g0xx_ll_dma.o(i.LL_DMA_SetPeriphRequest)
    i.LL_GPIO_Init                           0x08001994   Section        0  stm32g0xx_ll_gpio.o(i.LL_GPIO_Init)
    i.LL_SPI_Init                            0x08001a90   Section        0  stm32g0xx_ll_spi.o(i.LL_SPI_Init)
    i.LL_TIM_Init                            0x08001b08   Section        0  stm32g0xx_ll_tim.o(i.LL_TIM_Init)
    i.SystemCoreClockUpdate                  0x08001bc0   Section        0  system_stm32g0xx.o(i.SystemCoreClockUpdate)
    i.SystemInit                             0x08001cac   Section        0  system_stm32g0xx.o(i.SystemInit)
    i.TIM3_IRQHandler                        0x08001cbc   Section        0  source.o(i.TIM3_IRQHandler)
    i.TIM6_DAC_LPTIM1_IRQHandler             0x08001cf0   Section        0  source.o(i.TIM6_DAC_LPTIM1_IRQHandler)
    i._Z10ADCVoltagev                        0x08001d64   Section        0  source.o(i._Z10ADCVoltagev)
    i._Z10InitPeriphv                        0x08001db0   Section        0  source.o(i._Z10InitPeriphv)
    i._Z11DutyVoltagev                       0x08001e18   Section        0  source.o(i._Z11DutyVoltagev)
    i._Z13LinearVoltagev                     0x08001eec   Section        0  source.o(i._Z13LinearVoltagev)
    i._Z20LL_GPIO_SetOutputPinP12GPIO_TypeDefj 0x08001f6c   Section        0  mpu_controller.o(i._Z20LL_GPIO_SetOutputPinP12GPIO_TypeDefj)
    LL_GPIO_SetOutputPin(GPIO_TypeDef*, unsigned) 0x08001f6d   Thumb Code     4  mpu_controller.o(i._Z20LL_GPIO_SetOutputPinP12GPIO_TypeDefj)
    i._Z22LL_GPIO_ResetOutputPinP12GPIO_TypeDefj 0x08001f70   Section        0  source.o(i._Z22LL_GPIO_ResetOutputPinP12GPIO_TypeDefj)
    LL_GPIO_ResetOutputPin(GPIO_TypeDef*, unsigned) 0x08001f71   Thumb Code     4  source.o(i._Z22LL_GPIO_ResetOutputPinP12GPIO_TypeDefj)
    i._Z22LL_RCC_SetSysClkSourcej            0x08001f74   Section        0  source.o(i._Z22LL_RCC_SetSysClkSourcej)
    LL_RCC_SetSysClkSource(unsigned)         0x08001f75   Thumb Code    16  source.o(i._Z22LL_RCC_SetSysClkSourcej)
    i._Z22LL_TIM_EnableIT_UPDATEP11TIM_TypeDef 0x08001f88   Section        0  source.o(i._Z22LL_TIM_EnableIT_UPDATEP11TIM_TypeDef)
    LL_TIM_EnableIT_UPDATE(TIM_TypeDef*)     0x08001f89   Thumb Code    10  source.o(i._Z22LL_TIM_EnableIT_UPDATEP11TIM_TypeDef)
    i._Z23LL_TIM_ClearFlag_UPDATEP11TIM_TypeDef 0x08001f92   Section        0  source.o(i._Z23LL_TIM_ClearFlag_UPDATEP11TIM_TypeDef)
    LL_TIM_ClearFlag_UPDATE(TIM_TypeDef*)    0x08001f93   Thumb Code     8  source.o(i._Z23LL_TIM_ClearFlag_UPDATEP11TIM_TypeDef)
    i._Z26LL_ADC_REG_StartConversionP11ADC_TypeDef 0x08001f9c   Section        0  adc_controller.o(i._Z26LL_ADC_REG_StartConversionP11ADC_TypeDef)
    LL_ADC_REG_StartConversion(ADC_TypeDef*) 0x08001f9d   Thumb Code    12  adc_controller.o(i._Z26LL_ADC_REG_StartConversionP11ADC_TypeDef)
    i._Z32LL_DAC_ConvertData12RightAlignedP11DAC_TypeDefjj 0x08001fac   Section        0  dac_controller.o(i._Z32LL_DAC_ConvertData12RightAlignedP11DAC_TypeDefjj)
    LL_DAC_ConvertData12RightAligned(DAC_TypeDef*, unsigned, unsigned) 0x08001fad   Thumb Code    24  dac_controller.o(i._Z32LL_DAC_ConvertData12RightAlignedP11DAC_TypeDefjj)
    i._Z7InitADCv                            0x08001fc4   Section        0  source.o(i._Z7InitADCv)
    i._Z7InitDACv                            0x0800206c   Section        0  source.o(i._Z7InitDACv)
    i._Z7InitRCCv                            0x080020e8   Section        0  source.o(i._Z7InitRCCv)
    i._Z8InitGPIOv                           0x080021b8   Section        0  source.o(i._Z8InitGPIOv)
    i._Z8InitSPI1v                           0x08002204   Section        0  source.o(i._Z8InitSPI1v)
    i._Z9InitTimerv                          0x0800224c   Section        0  source.o(i._Z9InitTimerv)
    i._ZN13ADCController12RanksCounterEv     0x080022d0   Section        0  adc_controller.o(i._ZN13ADCController12RanksCounterEv)
    i._ZN13ADCController13GetRawMeasureEPKc  0x08002362   Section        0  adc_controller.o(i._ZN13ADCController13GetRawMeasureEPKc)
    i._ZN13ADCController4InitEv              0x08002398   Section        0  adc_controller.o(i._ZN13ADCController4InitEv)
    i._ZN13ADCController7AddLineEP10ADC_Struct 0x080023d4   Section        0  adc_controller.o(i._ZN13ADCController7AddLineEP10ADC_Struct)
    i._ZN13ADCController7GetRankEh           0x08002428   Section        0  adc_controller.o(i._ZN13ADCController7GetRankEh)
    i._ZN13ADCController7InitDMAEv           0x08002474   Section        0  adc_controller.o(i._ZN13ADCController7InitDMAEv)
    i._ZN13ADCController7ProcessEv           0x08002508   Section        0  adc_controller.o(i._ZN13ADCController7ProcessEv)
    i._ZN13ADCController8InitGPIOEv          0x08002698   Section        0  adc_controller.o(i._ZN13ADCController8InitGPIOEv)
    i._ZN13ADCController9InitLinesEv         0x080026d0   Section        0  adc_controller.o(i._ZN13ADCController9InitLinesEv)
    i._ZN13ADCControllerC1Ev                 0x080027d8   Section        0  adc_controller.o(i._ZN13ADCControllerC1Ev)
    i._ZN13ADCControllerD1Ev                 0x0800280c   Section        0  adc_controller.o(i._ZN13ADCControllerD1Ev)
    i._ZN13DACController10SetBindingEPKct    0x08002810   Section        0  dac_controller.o(i._ZN13DACController10SetBindingEPKct)
    i._ZN13DACController4InitEv              0x0800284c   Section        0  dac_controller.o(i._ZN13DACController4InitEv)
    i._ZN13DACController7AddLineEP10DAC_Struct 0x0800285e   Section        0  dac_controller.o(i._ZN13DACController7AddLineEP10DAC_Struct)
    i._ZN13DACController7InitDACEv           0x08002890   Section        0  dac_controller.o(i._ZN13DACController7InitDACEv)
    i._ZN13DACController8InitGPIOEv          0x080028e0   Section        0  dac_controller.o(i._ZN13DACController8InitGPIOEv)
    i._ZN13DACControllerC1Ev                 0x08002914   Section        0  dac_controller.o(i._ZN13DACControllerC1Ev)
    i._ZN13DACControllerD1Ev                 0x0800291a   Section        0  dac_controller.o(i._ZN13DACControllerD1Ev)
    i._ZN13MPUController10EnableChipEv       0x0800291c   Section        0  mpu_controller.o(i._ZN13MPUController10EnableChipEv)
    i._ZN13MPUController11DisableChipEv      0x08002926   Section        0  mpu_controller.o(i._ZN13MPUController11DisableChipEv)
    i._ZN13MPUController12ReadGyroDataEv     0x08002934   Section        0  mpu_controller.o(i._ZN13MPUController12ReadGyroDataEv)
    i._ZN13MPUController12ReadRegisterEh     0x080029e8   Section        0  mpu_controller.o(i._ZN13MPUController12ReadRegisterEh)
    i._ZN13MPUController13InitializeMPUEv    0x08002a16   Section        0  mpu_controller.o(i._ZN13MPUController13InitializeMPUEv)
    i._ZN13MPUController13ReadAccelDataEv    0x08002a24   Section        0  mpu_controller.o(i._ZN13MPUController13ReadAccelDataEv)
    i._ZN13MPUController13WriteRegisterEhh   0x08002ad8   Section        0  mpu_controller.o(i._ZN13MPUController13WriteRegisterEhh)
    i._ZN13MPUController14FilterGyroDataEv   0x08002b08   Section        0  mpu_controller.o(i._ZN13MPUController14FilterGyroDataEv)
    i._ZN13MPUController15FilterAccelDataEv  0x08002c1c   Section        0  mpu_controller.o(i._ZN13MPUController15FilterAccelDataEv)
    i._ZN13MPUController4InitEP13SPIControllerP12GPIO_TypeDefj 0x08002cf0   Section        0  mpu_controller.o(i._ZN13MPUController4InitEP13SPIControllerP12GPIO_TypeDefj)
    i._ZN13MPUController7CountRPEv           0x08002d08   Section        0  mpu_controller.o(i._ZN13MPUController7CountRPEv)
    i._ZN13MPUController8InitGPIOEv          0x08002e6c   Section        0  mpu_controller.o(i._ZN13MPUController8InitGPIOEv)
    i._ZN13MPUController9SetupChipEv         0x08002e9a   Section        0  mpu_controller.o(i._ZN13MPUController9SetupChipEv)
    i._ZN13MPUControllerC1Ev                 0x08002efe   Section        0  mpu_controller.o(i._ZN13MPUControllerC1Ev)
    i._ZN13MPUControllerD1Ev                 0x08002faa   Section        0  mpu_controller.o(i._ZN13MPUControllerD1Ev)
    i._ZN13SPIController4InitE10SPI_Struct   0x08002fac   Section        0  spi_controller.o(i._ZN13SPIController4InitE10SPI_Struct)
    i._ZN13SPIController7InitSPIEv           0x08002fd0   Section        0  spi_controller.o(i._ZN13SPIController7InitSPIEv)
    i._ZN13SPIController8InitGPIOEv          0x08003028   Section        0  spi_controller.o(i._ZN13SPIController8InitGPIOEv)
    i._ZN13SPIController8TransmitEh          0x08003068   Section        0  spi_controller.o(i._ZN13SPIController8TransmitEh)
    i._ZN13SPIControllerC1Ev                 0x08003090   Section        0  spi_controller.o(i._ZN13SPIControllerC1Ev)
    i._ZN13SPIControllerD1Ev                 0x08003092   Section        0  spi_controller.o(i._ZN13SPIControllerD1Ev)
    i._Znwj                                  0x08003094   Section        0  new.o(i._Znwj)
    i.__ARM_common_switch8                   0x080030bc   Section        0  periph_use.o(i.__ARM_common_switch8)
    i.__ARM_fpclassifyf                      0x080030d8   Section        0  fpclassifyf.o(i.__ARM_fpclassifyf)
    i.__NVIC_EnableIRQ                       0x080030fc   Section        0  periph_use.o(i.__NVIC_EnableIRQ)
    __NVIC_EnableIRQ                         0x080030fd   Thumb Code    26  periph_use.o(i.__NVIC_EnableIRQ)
    i.__NVIC_SetPriority                     0x0800311c   Section        0  periph_use.o(i.__NVIC_SetPriority)
    __NVIC_SetPriority                       0x0800311d   Thumb Code   110  periph_use.o(i.__NVIC_SetPriority)
    i.__mathlib_flt_infnan2                  0x08003194   Section        0  funder.o(i.__mathlib_flt_infnan2)
    i.__mathlib_flt_underflow                0x0800319c   Section        0  funder.o(i.__mathlib_flt_underflow)
    i.__sti___10_Source_cpp_dac              0x080031ac   Section        0  source.o(i.__sti___10_Source_cpp_dac)
    __sti___10_Source_cpp_dac                0x080031ad   Thumb Code    68  source.o(i.__sti___10_Source_cpp_dac)
    i.atan2f                                 0x08003214   Section        0  atan2f.o(i.atan2f)
    i.main                                   0x08003470   Section        0  source.o(i.main)
    x$fpl$dleqf                              0x080035f4   Section      100  dlef.o(x$fpl$dleqf)
    x$fpl$drleqf                             0x08003658   Section      104  drlef.o(x$fpl$drleqf)
    x$fpl$fadd                               0x080036c0   Section      140  faddsub.o(x$fpl$fadd)
    _fadd1                                   0x080036cd   Thumb Code     0  faddsub.o(x$fpl$fadd)
    x$fpl$fmul                               0x0800374c   Section      176  fmul.o(x$fpl$fmul)
    x$fpl$frsb                               0x080037fc   Section       24  faddsub.o(x$fpl$frsb)
    x$fpl$fsub                               0x08003814   Section      208  faddsub.o(x$fpl$fsub)
    _fsub1                                   0x08003821   Thumb Code     0  faddsub.o(x$fpl$fsub)
    .constdata                               0x080038e4   Section        7  adc_controller.o(.constdata)
    x$fpl$usenofp                            0x080038e4   Section        0  usenofp.o(x$fpl$usenofp)
    CHANNEL_OFFSET_TAB                       0x080038e4   Data           7  adc_controller.o(.constdata)
    .constdata                               0x080038eb   Section        7  stm32g0xx_ll_dma.o(.constdata)
    CHANNEL_OFFSET_TAB                       0x080038eb   Data           7  stm32g0xx_ll_dma.o(.constdata)
    .constdata                               0x080038f4   Section       96  system_stm32g0xx.o(.constdata)
    .constdata                               0x08003954   Section      128  ddiv.o(.constdata)
    ddiv_reciptbl                            0x08003954   Data         128  ddiv.o(.constdata)
    .constdata                               0x080039d4   Section       64  fdiv.o(.constdata)
    fdiv_tab                                 0x080039d4   Data          64  fdiv.o(.constdata)
    .init_array                              0x08003a34   Section        4  source.o(.init_array)
    .init_array                              0x08003a38   Section        0  init_aeabi.o(.init_array)
    .data                                    0x20000000   Section       48  source.o(.data)
    .data                                    0x20000030   Section        4  system_stm32g0xx.o(.data)
    .bss                                     0x20000038   Section      904  source.o(.bss)
    .bss                                     0x200003c0   Section       96  libspace.o(.bss)
    HEAP                                     0x20000420   Section      512  startup_stm32g071xx.o(HEAP)
    Heap_Mem                                 0x20000420   Data         512  startup_stm32g071xx.o(HEAP)
    STACK                                    0x20000620   Section     1024  startup_stm32g071xx.o(STACK)
    Stack_Mem                                0x20000620   Data        1024  startup_stm32g071xx.o(STACK)
    __initial_sp                             0x20000a20   Data           0  startup_stm32g071xx.o(STACK)

    Global Symbols

    Symbol Name                              Value     Ov Type        Size  Object(Section)

    BuildAttributes$$THM_ISAv3M$S$PE$A:L22$X:L11$S22$IEEE1$IW$USESV6$~STKCKD$USESV7$~SHL$OTIME$ROPI$IEEEX$EBA8$UX$STANDARDLIB$REQ8$PRES8$EABIv2 0x00000000   Number         0  anon$$obj.o ABSOLUTE
    __ARM_use_no_argv                        0x00000000   Number         0  source.o ABSOLUTE
    SHT$$ARM_EXIDX$$Base                      - Undefined Reference
    SHT$$ARM_EXIDX$$Limit                     - Undefined Reference
    __ARM::default_unexpected_handler()       - Undefined Weak Reference
    __ARM_exceptions_buffer_required          - Undefined Weak Reference
    __ARM_exceptions_init                     - Undefined Weak Reference
    __aeabi_unwind_cpp_pr1                    - Undefined Weak Reference
    __aeabi_unwind_cpp_pr2                    - Undefined Weak Reference
    __alloca_initialize                       - Undefined Weak Reference
    __arm_preinit_                            - Undefined Weak Reference
    __cxa_begin_cleanup                       - Undefined Weak Reference
    __cxa_type_match                          - Undefined Weak Reference
    __rt_locale                               - Undefined Weak Reference
    __sigvec_lookup                           - Undefined Weak Reference
    __user_heap_extent                        - Undefined Weak Reference
    _atexit_init                              - Undefined Weak Reference
    _call_atexit_fns                          - Undefined Weak Reference
    _clock_init                               - Undefined Weak Reference
    _fp_trap_init                             - Undefined Weak Reference
    _fp_trap_shutdown                         - Undefined Weak Reference
    _get_lc_collate                           - Undefined Weak Reference
    _get_lc_ctype                             - Undefined Weak Reference
    _get_lc_monetary                          - Undefined Weak Reference
    _get_lc_numeric                           - Undefined Weak Reference
    _get_lc_time                              - Undefined Weak Reference
    _getenv_init                              - Undefined Weak Reference
    _handle_redirection                       - Undefined Weak Reference
    _initio                                   - Undefined Weak Reference
    _mutex_acquire                            - Undefined Weak Reference
    _mutex_free                               - Undefined Weak Reference
    _mutex_release                            - Undefined Weak Reference
    _rand_init                                - Undefined Weak Reference
    _signal_finish                            - Undefined Weak Reference
    _signal_init                              - Undefined Weak Reference
    _terminateio                              - Undefined Weak Reference
    __Vectors_Size                           0x000000bc   Number         0  startup_stm32g071xx.o ABSOLUTE
    __Vectors                                0x08000000   Data           4  startup_stm32g071xx.o(RESET)
    __dso_handle                             0x08000000   Number         0  startup_stm32g071xx.o(RESET)
    __Vectors_End                            0x080000bc   Data           0  startup_stm32g071xx.o(RESET)
    __main                                   0x080000bd   Thumb Code     8  __main.o(!!!main)
    __scatterload                            0x080000c5   Thumb Code     0  __scatter.o(!!!scatter)
    __scatterload_rt2                        0x080000c5   Thumb Code    52  __scatter.o(!!!scatter)
    __scatterload_rt2_thumb_only             0x080000c5   Thumb Code     0  __scatter.o(!!!scatter)
    __scatterload_null                       0x080000d5   Thumb Code     0  __scatter.o(!!!scatter)
    __scatterload_copy                       0x08000101   Thumb Code    26  __scatter_copy.o(!!handler_copy)
    __scatterload_zeroinit                   0x0800011d   Thumb Code    28  __scatter_zi.o(!!handler_zi)
    __rt_lib_init                            0x08000139   Thumb Code     0  libinit.o(.ARM.Collect$$libinit$$00000000)
    __rt_lib_init_fp_1                       0x0800013b   Thumb Code     0  libinit2.o(.ARM.Collect$$libinit$$00000002)
    __rt_lib_init_heap_2                     0x0800013b   Thumb Code     0  libinit2.o(.ARM.Collect$$libinit$$00000005)
    __rt_lib_init_preinit_1                  0x0800013b   Thumb Code     0  libinit2.o(.ARM.Collect$$libinit$$00000004)
    __rt_lib_init_alloca_1                   0x08000143   Thumb Code     0  libinit2.o(.ARM.Collect$$libinit$$0000002E)
    __rt_lib_init_argv_1                     0x08000143   Thumb Code     0  libinit2.o(.ARM.Collect$$libinit$$0000002C)
    __rt_lib_init_atexit_1                   0x08000143   Thumb Code     0  libinit2.o(.ARM.Collect$$libinit$$0000001B)
    __rt_lib_init_clock_1                    0x08000143   Thumb Code     0  libinit2.o(.ARM.Collect$$libinit$$00000021)
    __rt_lib_init_cpp_2                      0x08000143   Thumb Code     0  libinit2.o(.ARM.Collect$$libinit$$00000031)
    __rt_lib_init_exceptions_1               0x08000143   Thumb Code     0  libinit2.o(.ARM.Collect$$libinit$$00000030)
    __rt_lib_init_fp_trap_1                  0x08000143   Thumb Code     0  libinit2.o(.ARM.Collect$$libinit$$0000001F)
    __rt_lib_init_getenv_1                   0x08000143   Thumb Code     0  libinit2.o(.ARM.Collect$$libinit$$00000023)
    __rt_lib_init_heap_1                     0x08000143   Thumb Code     0  libinit2.o(.ARM.Collect$$libinit$$0000000A)
    __rt_lib_init_lc_collate_1               0x08000143   Thumb Code     0  libinit2.o(.ARM.Collect$$libinit$$00000011)
    __rt_lib_init_lc_ctype_1                 0x08000143   Thumb Code     0  libinit2.o(.ARM.Collect$$libinit$$00000013)
    __rt_lib_init_lc_monetary_1              0x08000143   Thumb Code     0  libinit2.o(.ARM.Collect$$libinit$$00000015)
    __rt_lib_init_lc_numeric_1               0x08000143   Thumb Code     0  libinit2.o(.ARM.Collect$$libinit$$00000017)
    __rt_lib_init_lc_time_1                  0x08000143   Thumb Code     0  libinit2.o(.ARM.Collect$$libinit$$00000019)
    __rt_lib_init_rand_1                     0x08000143   Thumb Code     0  libinit2.o(.ARM.Collect$$libinit$$0000000E)
    __rt_lib_init_signal_1                   0x08000143   Thumb Code     0  libinit2.o(.ARM.Collect$$libinit$$0000001D)
    __rt_lib_init_stdio_1                    0x08000143   Thumb Code     0  libinit2.o(.ARM.Collect$$libinit$$00000025)
    __rt_lib_init_user_alloc_1               0x08000143   Thumb Code     0  libinit2.o(.ARM.Collect$$libinit$$0000000C)
    __rt_lib_init_cpp_1                      0x08000147   Thumb Code     0  libinit2.o(.ARM.Collect$$libinit$$00000032)
    __rt_lib_init_return                     0x08000147   Thumb Code     0  libinit2.o(.ARM.Collect$$libinit$$00000033)
    __rt_lib_shutdown                        0x08000149   Thumb Code     0  libshutdown.o(.ARM.Collect$$libshutdown$$00000000)
    __rt_lib_shutdown_cpp_2                  0x0800014b   Thumb Code     0  libshutdown2.o(.ARM.Collect$$libshutdown$$00000001)
    __rt_lib_shutdown_cpp_1                  0x08000151   Thumb Code     0  libshutdown2.o(.ARM.Collect$$libshutdown$$00000002)
    __rt_lib_shutdown_fp_trap_1              0x08000151   Thumb Code     0  libshutdown2.o(.ARM.Collect$$libshutdown$$00000007)
    __rt_lib_shutdown_heap_1                 0x08000151   Thumb Code     0  libshutdown2.o(.ARM.Collect$$libshutdown$$0000000F)
    __rt_lib_shutdown_return                 0x08000151   Thumb Code     0  libshutdown2.o(.ARM.Collect$$libshutdown$$00000010)
    __rt_lib_shutdown_signal_1               0x08000151   Thumb Code     0  libshutdown2.o(.ARM.Collect$$libshutdown$$0000000A)
    __rt_lib_shutdown_stdio_1                0x08000151   Thumb Code     0  libshutdown2.o(.ARM.Collect$$libshutdown$$00000004)
    __rt_lib_shutdown_user_alloc_1           0x08000151   Thumb Code     0  libshutdown2.o(.ARM.Collect$$libshutdown$$0000000C)
    __rt_entry                               0x08000153   Thumb Code     0  __rtentry.o(.ARM.Collect$$rtentry$$00000000)
    __rt_entry_presh_1                       0x08000153   Thumb Code     0  __rtentry2.o(.ARM.Collect$$rtentry$$00000002)
    __rt_entry_sh                            0x08000153   Thumb Code     0  __rtentry4.o(.ARM.Collect$$rtentry$$00000004)
    __rt_entry_li                            0x08000159   Thumb Code     0  __rtentry2.o(.ARM.Collect$$rtentry$$0000000A)
    __rt_entry_postsh_1                      0x08000159   Thumb Code     0  __rtentry2.o(.ARM.Collect$$rtentry$$00000009)
    __rt_entry_main                          0x0800015d   Thumb Code     0  __rtentry2.o(.ARM.Collect$$rtentry$$0000000D)
    __rt_entry_postli_1                      0x0800015d   Thumb Code     0  __rtentry2.o(.ARM.Collect$$rtentry$$0000000C)
    __rt_exit                                0x08000165   Thumb Code     0  rtexit.o(.ARM.Collect$$rtexit$$00000000)
    __rt_exit_ls                             0x08000167   Thumb Code     0  rtexit2.o(.ARM.Collect$$rtexit$$00000003)
    __rt_exit_prels_1                        0x08000167   Thumb Code     0  rtexit2.o(.ARM.Collect$$rtexit$$00000002)
    __rt_exit_exit                           0x0800016b   Thumb Code     0  rtexit2.o(.ARM.Collect$$rtexit$$00000004)
    __aeabi_memcpy4                          0x08000171   Thumb Code    56  rt_memcpy.o(.emb_text)
    __aeabi_memcpy8                          0x08000171   Thumb Code     0  rt_memcpy.o(.emb_text)
    Reset_Handler                            0x080001a9   Thumb Code     8  startup_stm32g071xx.o(.text)
    _maybe_terminate_alloc                   0x080001a9   Thumb Code     0  maybetermalloc1.o(.emb_text)
    NMI_Handler                              0x080001b1   Thumb Code     2  startup_stm32g071xx.o(.text)
    HardFault_Handler                        0x080001b3   Thumb Code     2  startup_stm32g071xx.o(.text)
    SVC_Handler                              0x080001b5   Thumb Code     2  startup_stm32g071xx.o(.text)
    PendSV_Handler                           0x080001b7   Thumb Code     2  startup_stm32g071xx.o(.text)
    SysTick_Handler                          0x080001b9   Thumb Code     2  startup_stm32g071xx.o(.text)
    ADC1_COMP_IRQHandler                     0x080001bb   Thumb Code     0  startup_stm32g071xx.o(.text)
    CEC_IRQHandler                           0x080001bb   Thumb Code     0  startup_stm32g071xx.o(.text)
    DMA1_Ch4_7_DMAMUX1_OVR_IRQHandler        0x080001bb   Thumb Code     0  startup_stm32g071xx.o(.text)
    DMA1_Channel2_3_IRQHandler               0x080001bb   Thumb Code     0  startup_stm32g071xx.o(.text)
    EXTI0_1_IRQHandler                       0x080001bb   Thumb Code     0  startup_stm32g071xx.o(.text)
    EXTI2_3_IRQHandler                       0x080001bb   Thumb Code     0  startup_stm32g071xx.o(.text)
    EXTI4_15_IRQHandler                      0x080001bb   Thumb Code     0  startup_stm32g071xx.o(.text)
    FLASH_IRQHandler                         0x080001bb   Thumb Code     0  startup_stm32g071xx.o(.text)
    I2C1_IRQHandler                          0x080001bb   Thumb Code     0  startup_stm32g071xx.o(.text)
    I2C2_IRQHandler                          0x080001bb   Thumb Code     0  startup_stm32g071xx.o(.text)
    PVD_IRQHandler                           0x080001bb   Thumb Code     0  startup_stm32g071xx.o(.text)
    RCC_IRQHandler                           0x080001bb   Thumb Code     0  startup_stm32g071xx.o(.text)
    RTC_TAMP_IRQHandler                      0x080001bb   Thumb Code     0  startup_stm32g071xx.o(.text)
    SPI1_IRQHandler                          0x080001bb   Thumb Code     0  startup_stm32g071xx.o(.text)
    SPI2_IRQHandler                          0x080001bb   Thumb Code     0  startup_stm32g071xx.o(.text)
    TIM14_IRQHandler                         0x080001bb   Thumb Code     0  startup_stm32g071xx.o(.text)
    TIM15_IRQHandler                         0x080001bb   Thumb Code     0  startup_stm32g071xx.o(.text)
    TIM16_IRQHandler                         0x080001bb   Thumb Code     0  startup_stm32g071xx.o(.text)
    TIM17_IRQHandler                         0x080001bb   Thumb Code     0  startup_stm32g071xx.o(.text)
    TIM1_BRK_UP_TRG_COM_IRQHandler           0x080001bb   Thumb Code     0  startup_stm32g071xx.o(.text)
    TIM1_CC_IRQHandler                       0x080001bb   Thumb Code     0  startup_stm32g071xx.o(.text)
    TIM2_IRQHandler                          0x080001bb   Thumb Code     0  startup_stm32g071xx.o(.text)
    TIM7_LPTIM2_IRQHandler                   0x080001bb   Thumb Code     0  startup_stm32g071xx.o(.text)
    UCPD1_2_IRQHandler                       0x080001bb   Thumb Code     0  startup_stm32g071xx.o(.text)
    USART1_IRQHandler                        0x080001bb   Thumb Code     0  startup_stm32g071xx.o(.text)
    USART2_IRQHandler                        0x080001bb   Thumb Code     0  startup_stm32g071xx.o(.text)
    USART3_4_LPUART1_IRQHandler              0x080001bb   Thumb Code     0  startup_stm32g071xx.o(.text)
    WWDG_IRQHandler                          0x080001bb   Thumb Code     0  startup_stm32g071xx.o(.text)
    __user_initial_stackheap                 0x080001bd   Thumb Code     0  startup_stm32g071xx.o(.text)
    __aeabi_atexit                           0x080001e1   Thumb Code    42  aeabi_atexit.o(.text)
    _memset_w                                0x0800020b   Thumb Code    26  rt_memclr.o(.text)
    _memset                                  0x08000225   Thumb Code    30  rt_memclr.o(.text)
    __aeabi_memclr                           0x08000243   Thumb Code     4  rt_memclr.o(.text)
    __rt_memclr                              0x08000243   Thumb Code     0  rt_memclr.o(.text)
    __aeabi_memclr4                          0x08000247   Thumb Code     0  rt_memclr.o(.text)
    __aeabi_memclr8                          0x08000247   Thumb Code     0  rt_memclr.o(.text)
    __rt_memclr_w                            0x08000247   Thumb Code     4  rt_memclr.o(.text)
    strcmp                                   0x0800024d   Thumb Code   132  strcmp.o(.text)
    __aeabi_uidiv                            0x080002d5   Thumb Code     0  aeabi_sdiv.o(.text)
    __aeabi_uidivmod                         0x080002d5   Thumb Code    20  aeabi_sdiv.o(.text)
    __aeabi_idiv                             0x080002e9   Thumb Code     0  aeabi_sdiv.o(.text)
    __aeabi_idivmod                          0x080002e9   Thumb Code   326  aeabi_sdiv.o(.text)
    __use_two_region_memory                  0x0800042f   Thumb Code     2  heapauxi.o(.text)
    __rt_heap_escrow                         0x08000431   Thumb Code     2  heapauxi.o(.text)
    __rt_heap_expand                         0x08000433   Thumb Code     2  heapauxi.o(.text)
    __cpp_initialize__aeabi_                 0x08000435   Thumb Code    26  init_aeabi.o(.text)
    __aeabi_d2f                              0x08000459   Thumb Code     0  d2f.o(.text)
    _d2f                                     0x08000459   Thumb Code   120  d2f.o(.text)
    __aeabi_dadd                             0x080007cd   Thumb Code     0  daddsub.o(.text)
    _dadd                                    0x080007cd   Thumb Code    26  daddsub.o(.text)
    __aeabi_dsub                             0x080007e7   Thumb Code     0  daddsub.o(.text)
    _dsub                                    0x080007e7   Thumb Code    22  daddsub.o(.text)
    __aeabi_drsub                            0x080007fd   Thumb Code     0  daddsub.o(.text)
    _drsb                                    0x080007fd   Thumb Code    28  daddsub.o(.text)
    __aeabi_ddiv                             0x0800082d   Thumb Code     0  ddiv.o(.text)
    _ddiv                                    0x0800082d   Thumb Code  1072  ddiv.o(.text)
    _drdiv                                   0x08000c5d   Thumb Code    20  ddiv.o(.text)
    __aeabi_d2uiz                            0x08000c75   Thumb Code     0  dfixui.o(.text)
    _dfixu                                   0x08000c75   Thumb Code    68  dfixui.o(.text)
    __aeabi_i2d_normalise                    0x08000cbd   Thumb Code    66  dflti.o(.text)
    __aeabi_i2d                              0x08000cff   Thumb Code    16  dflti.o(.text)
    _dflt                                    0x08000cff   Thumb Code     0  dflti.o(.text)
    __aeabi_ui2d                             0x08000d0f   Thumb Code     6  dflti.o(.text)
    _dfltu                                   0x08000d0f   Thumb Code     0  dflti.o(.text)
    __aeabi_dmul                             0x08000d15   Thumb Code     0  dmul.o(.text)
    _dmul                                    0x08000d15   Thumb Code   558  dmul.o(.text)
    __aeabi_f2d                              0x08000f5d   Thumb Code     0  f2d.o(.text)
    _f2d                                     0x08000f5d   Thumb Code    80  f2d.o(.text)
    __rt_new_handler_addr                    0x08000fb1   Thumb Code     8  rt_new_handler_addr_intlibspace.o(.text)
    __rt_ddtor_pointer_addr                  0x08000fb9   Thumb Code     8  rt_ddtor_pointer_addr_intlibspace.o(.text)
    malloc                                   0x08000fc1   Thumb Code    98  h1_alloc.o(.text)
    __cxa_finalize                           0x08001023   Thumb Code    66  cxa_finalize.o(.text)
    __default_new_handler()                  0x08001065   Thumb Code     8  arm_newhandler_noexceptions.o(.text)
    __fpl_dcmp_InfNaN                        0x0800106d   Thumb Code   140  dcmpin.o(.text)
    __aeabi_fdiv                             0x080010fd   Thumb Code     0  fdiv.o(.text)
    _fdiv                                    0x080010fd   Thumb Code   334  fdiv.o(.text)
    _frdiv                                   0x0800124b   Thumb Code     8  fdiv.o(.text)
    __user_libspace                          0x0800125d   Thumb Code     8  libspace.o(.text)
    __user_perproc_libspace                  0x0800125d   Thumb Code     0  libspace.o(.text)
    __user_perthread_libspace                0x0800125d   Thumb Code     0  libspace.o(.text)
    __rt_heap_descriptor                     0x08001265   Thumb Code     8  rt_heap_descriptor_intlibspace.o(.text)
    __use_no_heap                            0x0800126d   Thumb Code     2  hguard.o(.text)
    __heap$guard                             0x0800126f   Thumb Code     2  hguard.o(.text)
    _terminate_user_alloc                    0x08001271   Thumb Code     2  init_alloc.o(.text)
    _init_user_alloc                         0x08001273   Thumb Code     2  init_alloc.o(.text)
    __Heap_Full                              0x08001275   Thumb Code    32  init_alloc.o(.text)
    __Heap_Broken                            0x08001295   Thumb Code    10  init_alloc.o(.text)
    _init_alloc                              0x0800129f   Thumb Code    90  init_alloc.o(.text)
    __Heap_Initialize                        0x080012f9   Thumb Code    10  h1_init.o(.text)
    __Heap_DescSize                          0x08001303   Thumb Code     4  h1_init.o(.text)
    free                                     0x08001307   Thumb Code    76  h1_free.o(.text)
    std::terminate()                         0x08001353   Thumb Code    28  arm_exceptions_terminate.o(.text)
    __fpl_cmpreturn                          0x0800136f   Thumb Code    46  cmpret.o(.text)
    __fpl_dcheck_NaN2                        0x0800139d   Thumb Code    14  dnan2.o(.text)
    __ARM_scalbnf                            0x080013b1   Thumb Code    64  fscalbn.o(.text)
    __user_setup_stackheap                   0x080013f5   Thumb Code    62  sys_stackheap_outer.o(.text)
    __Heap_ProvideMemory                     0x08001433   Thumb Code    52  h1_extend.o(.text)
    exit                                     0x08001467   Thumb Code    16  exit.o(.text)
    abort                                    0x08001477   Thumb Code    20  abort.o(.text)
    __rt_SIGRTMEM                            0x0800148b   Thumb Code    12  defsig_rtmem_outer.o(.text)
    __cxa_get_globals                        0x0800149f   Thumb Code    66  arm_exceptions_globs.o(.text)
    __fpl_return_NaN                         0x080014ed   Thumb Code    94  retnan.o(.text)
    _sys_exit                                0x0800154d   Thumb Code     8  sys_exit.o(.text)
    __I$use$semihosting                      0x08001559   Thumb Code     0  use_no_semi.o(.text)
    __use_no_semihosting_swi                 0x08001559   Thumb Code     2  use_no_semi.o(.text)
    __semihosting_library_function           0x0800155b   Thumb Code     0  indicate_semi.o(.text)
    __rt_eh_globals_addr                     0x0800155d   Thumb Code     8  rt_eh_globals_addr_intlibspace.o(.text)
    __sig_exit                               0x08001565   Thumb Code    12  defsig_exit.o(.text)
    __rt_SIGABRT                             0x08001571   Thumb Code    12  defsig_abrt_outer.o(.text)
    __rt_SIGRTMEM_inner                      0x0800157d   Thumb Code    22  defsig_rtmem_inner.o(.text)
    __ARM_exceptions_buffer_init             0x080015cd   Thumb Code    18  arm_exceptions_mem.o(.text)
    __ARM_exceptions_buffer_allocate         0x080015df   Thumb Code    26  arm_exceptions_mem.o(.text)
    __ARM_exceptions_buffer_free             0x080015f9   Thumb Code    22  arm_exceptions_mem.o(.text)
    __default_signal_display                 0x0800160f   Thumb Code    52  defsig_general.o(.text)
    __rt_SIGABRT_inner                       0x08001645   Thumb Code    14  defsig_abrt_inner.o(.text)
    _ttywrch                                 0x08001675   Thumb Code    12  sys_wrch.o(.text)
    DMA1_Channel1_IRQHandler                 0x08001681   Thumb Code    36  source.o(i.DMA1_Channel1_IRQHandler)
    EnableDmaIRQn                            0x080016ad   Thumb Code    84  periph_use.o(i.EnableDmaIRQn)
    EnableTimIRQn                            0x08001701   Thumb Code    96  periph_use.o(i.EnableTimIRQn)
    LL_ADC_Init                              0x0800176d   Thumb Code    58  stm32g0xx_ll_adc.o(i.LL_ADC_Init)
    LL_ADC_REG_Init                          0x080017bd   Thumb Code   118  stm32g0xx_ll_adc.o(i.LL_ADC_REG_Init)
    LL_DAC_Init                              0x08001839   Thumb Code   158  stm32g0xx_ll_dac.o(i.LL_DAC_Init)
    LL_DMA_Init                              0x080018dd   Thumb Code   140  stm32g0xx_ll_dma.o(i.LL_DMA_Init)
    LL_GPIO_Init                             0x08001995   Thumb Code   250  stm32g0xx_ll_gpio.o(i.LL_GPIO_Init)
    LL_SPI_Init                              0x08001a91   Thumb Code   112  stm32g0xx_ll_spi.o(i.LL_SPI_Init)
    LL_TIM_Init                              0x08001b09   Thumb Code   158  stm32g0xx_ll_tim.o(i.LL_TIM_Init)
    SystemCoreClockUpdate                    0x08001bc1   Thumb Code   214  system_stm32g0xx.o(i.SystemCoreClockUpdate)
    SystemInit                               0x08001cad   Thumb Code    10  system_stm32g0xx.o(i.SystemInit)
    TIM3_IRQHandler                          0x08001cbd   Thumb Code    44  source.o(i.TIM3_IRQHandler)
    TIM6_DAC_LPTIM1_IRQHandler               0x08001cf1   Thumb Code    98  source.o(i.TIM6_DAC_LPTIM1_IRQHandler)
    ADCVoltage()                             0x08001d65   Thumb Code    58  source.o(i._Z10ADCVoltagev)
    InitPeriph()                             0x08001db1   Thumb Code    92  source.o(i._Z10InitPeriphv)
    DutyVoltage()                            0x08001e19   Thumb Code   176  source.o(i._Z11DutyVoltagev)
    LinearVoltage()                          0x08001eed   Thumb Code   106  source.o(i._Z13LinearVoltagev)
    InitADC()                                0x08001fc5   Thumb Code   136  source.o(i._Z7InitADCv)
    InitDAC()                                0x0800206d   Thumb Code    94  source.o(i._Z7InitDACv)
    InitRCC()                                0x080020e9   Thumb Code   196  source.o(i._Z7InitRCCv)
    InitGPIO()                               0x080021b9   Thumb Code    72  source.o(i._Z8InitGPIOv)
    InitSPI1()                               0x08002205   Thumb Code    60  source.o(i._Z8InitSPI1v)
    InitTimer()                              0x0800224d   Thumb Code   118  source.o(i._Z9InitTimerv)
    ADCController::RanksCounter()            0x080022d1   Thumb Code   146  adc_controller.o(i._ZN13ADCController12RanksCounterEv)
    ADCController::GetRawMeasure(const char*) 0x08002363   Thumb Code    54  adc_controller.o(i._ZN13ADCController13GetRawMeasureEPKc)
    ADCController::Init()                    0x08002399   Thumb Code    54  adc_controller.o(i._ZN13ADCController4InitEv)
    ADCController::AddLine(ADC_Struct*)      0x080023d5   Thumb Code    84  adc_controller.o(i._ZN13ADCController7AddLineEP10ADC_Struct)
    ADCController::GetRank(unsigned char)    0x08002429   Thumb Code    74  adc_controller.o(i._ZN13ADCController7GetRankEh)
    ADCController::InitDMA()                 0x08002475   Thumb Code   134  adc_controller.o(i._ZN13ADCController7InitDMAEv)
    ADCController::Process()                 0x08002509   Thumb Code   380  adc_controller.o(i._ZN13ADCController7ProcessEv)
    ADCController::InitGPIO()                0x08002699   Thumb Code    56  adc_controller.o(i._ZN13ADCController8InitGPIOEv)
    ADCController::InitLines()               0x080026d1   Thumb Code   252  adc_controller.o(i._ZN13ADCController9InitLinesEv)
    ADCController::ADCController()           0x080027d9   Thumb Code    48  adc_controller.o(i._ZN13ADCControllerC1Ev)
    ADCController::ADCController__sub_object() 0x080027d9   Thumb Code     0  adc_controller.o(i._ZN13ADCControllerC1Ev)
    ADCController::~ADCController()          0x0800280d   Thumb Code     2  adc_controller.o(i._ZN13ADCControllerD1Ev)
    ADCController::~ADCController__sub_object() 0x0800280d   Thumb Code     0  adc_controller.o(i._ZN13ADCControllerD1Ev)
    DACController::SetBinding(const char*, unsigned short) 0x08002811   Thumb Code    56  dac_controller.o(i._ZN13DACController10SetBindingEPKct)
    DACController::Init()                    0x0800284d   Thumb Code    18  dac_controller.o(i._ZN13DACController4InitEv)
    DACController::AddLine(DAC_Struct*)      0x0800285f   Thumb Code    50  dac_controller.o(i._ZN13DACController7AddLineEP10DAC_Struct)
    DACController::InitDAC()                 0x08002891   Thumb Code    74  dac_controller.o(i._ZN13DACController7InitDACEv)
    DACController::InitGPIO()                0x080028e1   Thumb Code    52  dac_controller.o(i._ZN13DACController8InitGPIOEv)
    DACController::DACController()           0x08002915   Thumb Code     6  dac_controller.o(i._ZN13DACControllerC1Ev)
    DACController::DACController__sub_object() 0x08002915   Thumb Code     0  dac_controller.o(i._ZN13DACControllerC1Ev)
    DACController::~DACController()          0x0800291b   Thumb Code     2  dac_controller.o(i._ZN13DACControllerD1Ev)
    DACController::~DACController__sub_object() 0x0800291b   Thumb Code     0  dac_controller.o(i._ZN13DACControllerD1Ev)
    MPUController::EnableChip()              0x0800291d   Thumb Code    10  mpu_controller.o(i._ZN13MPUController10EnableChipEv)
    MPUController::DisableChip()             0x08002927   Thumb Code    14  mpu_controller.o(i._ZN13MPUController11DisableChipEv)
    MPUController::ReadGyroData()            0x08002935   Thumb Code   176  mpu_controller.o(i._ZN13MPUController12ReadGyroDataEv)
    MPUController::ReadRegister(unsigned char) 0x080029e9   Thumb Code    46  mpu_controller.o(i._ZN13MPUController12ReadRegisterEh)
    MPUController::InitializeMPU()           0x08002a17   Thumb Code    12  mpu_controller.o(i._ZN13MPUController13InitializeMPUEv)
    MPUController::ReadAccelData()           0x08002a25   Thumb Code   176  mpu_controller.o(i._ZN13MPUController13ReadAccelDataEv)
    MPUController::WriteRegister(unsigned char, unsigned char) 0x08002ad9   Thumb Code    46  mpu_controller.o(i._ZN13MPUController13WriteRegisterEhh)
    MPUController::FilterGyroData()          0x08002b09   Thumb Code   272  mpu_controller.o(i._ZN13MPUController14FilterGyroDataEv)
    MPUController::FilterAccelData()         0x08002c1d   Thumb Code   208  mpu_controller.o(i._ZN13MPUController15FilterAccelDataEv)
    MPUController::Init(SPIController*, GPIO_TypeDef*, unsigned) 0x08002cf1   Thumb Code    24  mpu_controller.o(i._ZN13MPUController4InitEP13SPIControllerP12GPIO_TypeDefj)
    MPUController::CountRP()                 0x08002d09   Thumb Code   330  mpu_controller.o(i._ZN13MPUController7CountRPEv)
    MPUController::InitGPIO()                0x08002e6d   Thumb Code    46  mpu_controller.o(i._ZN13MPUController8InitGPIOEv)
    MPUController::SetupChip()               0x08002e9b   Thumb Code   100  mpu_controller.o(i._ZN13MPUController9SetupChipEv)
    MPUController::MPUController()           0x08002eff   Thumb Code   172  mpu_controller.o(i._ZN13MPUControllerC1Ev)
    MPUController::MPUController__sub_object() 0x08002eff   Thumb Code     0  mpu_controller.o(i._ZN13MPUControllerC1Ev)
    MPUController::~MPUController()          0x08002fab   Thumb Code     2  mpu_controller.o(i._ZN13MPUControllerD1Ev)
    MPUController::~MPUController__sub_object() 0x08002fab   Thumb Code     0  mpu_controller.o(i._ZN13MPUControllerD1Ev)
    SPIController::Init(SPI_Struct)          0x08002fad   Thumb Code    36  spi_controller.o(i._ZN13SPIController4InitE10SPI_Struct)
    SPIController::InitSPI()                 0x08002fd1   Thumb Code    88  spi_controller.o(i._ZN13SPIController7InitSPIEv)
    SPIController::InitGPIO()                0x08003029   Thumb Code    64  spi_controller.o(i._ZN13SPIController8InitGPIOEv)
    SPIController::Transmit(unsigned char)   0x08003069   Thumb Code    40  spi_controller.o(i._ZN13SPIController8TransmitEh)
    SPIController::SPIController()           0x08003091   Thumb Code     2  spi_controller.o(i._ZN13SPIControllerC1Ev)
    SPIController::SPIController__sub_object() 0x08003091   Thumb Code     0  spi_controller.o(i._ZN13SPIControllerC1Ev)
    SPIController::~SPIController()          0x08003093   Thumb Code     2  spi_controller.o(i._ZN13SPIControllerD1Ev)
    SPIController::~SPIController__sub_object() 0x08003093   Thumb Code     0  spi_controller.o(i._ZN13SPIControllerD1Ev)
    operator new(unsigned)                   0x08003095   Thumb Code    36  new.o(i._Znwj)
    __ARM_common_switch8                     0x080030bd   Thumb Code    28  periph_use.o(i.__ARM_common_switch8)
    __ARM_fpclassifyf                        0x080030d9   Thumb Code    34  fpclassifyf.o(i.__ARM_fpclassifyf)
    __mathlib_flt_infnan2                    0x08003195   Thumb Code     8  funder.o(i.__mathlib_flt_infnan2)
    __mathlib_flt_underflow                  0x0800319d   Thumb Code    14  funder.o(i.__mathlib_flt_underflow)
    atan2f                                   0x08003215   Thumb Code   526  atan2f.o(i.atan2f)
    main                                     0x08003471   Thumb Code   322  source.o(i.main)
    __aeabi_cdcmple                          0x080035f5   Thumb Code     0  dlef.o(x$fpl$dleqf)
    _dcmple                                  0x080035f5   Thumb Code    94  dlef.o(x$fpl$dleqf)
    __aeabi_cdrcmple                         0x08003659   Thumb Code     0  drlef.o(x$fpl$drleqf)
    _drcmple                                 0x08003659   Thumb Code   100  drlef.o(x$fpl$drleqf)
    __aeabi_fadd                             0x080036c1   Thumb Code     0  faddsub.o(x$fpl$fadd)
    _fadd                                    0x080036c1   Thumb Code   134  faddsub.o(x$fpl$fadd)
    __aeabi_fmul                             0x0800374d   Thumb Code     0  fmul.o(x$fpl$fmul)
    _fmul                                    0x0800374d   Thumb Code   172  fmul.o(x$fpl$fmul)
    __aeabi_frsub                            0x080037fd   Thumb Code     0  faddsub.o(x$fpl$frsb)
    _frsb                                    0x080037fd   Thumb Code    24  faddsub.o(x$fpl$frsb)
    __aeabi_fsub                             0x08003815   Thumb Code     0  faddsub.o(x$fpl$fsub)
    _fsub                                    0x08003815   Thumb Code   204  faddsub.o(x$fpl$fsub)
    __I$use$fp                               0x080038e4   Number         0  usenofp.o(x$fpl$usenofp)
    AHBPrescTable                            0x080038f4   Data          64  system_stm32g0xx.o(.constdata)
    APBPrescTable                            0x08003934   Data          32  system_stm32g0xx.o(.constdata)
    Region$$Table$$Base                      0x08003a14   Number         0  anon$$obj.o(Region$$Table)
    Region$$Table$$Limit                     0x08003a34   Number         0  anon$$obj.o(Region$$Table)
    SHT$$INIT_ARRAY$$Base                    0x08003a34   Number         0  source.o(.init_array)
    SHT$$INIT_ARRAY$$Limit                   0x08003a38   Number         0  init_aeabi.o(.init_array)
    dac                                      0x20000000   Data           8  source.o(.data)
    read_mpu                                 0x20000008   Data           1  source.o(.data)
    rdy                                      0x20000009   Data           1  source.o(.data)
    brake_on                                 0x2000000a   Data           1  source.o(.data)
    brake_trig                               0x2000000b   Data           1  source.o(.data)
    dac1_old_v                               0x2000000c   Data           4  source.o(.data)
    dac1_new_v                               0x20000010   Data           4  source.o(.data)
    dac2_old_v                               0x20000014   Data           4  source.o(.data)
    dac2_new_v                               0x20000018   Data           4  source.o(.data)
    duty                                     0x20000020   Data           8  source.o(.data)
    interval                                 0x20000028   Data           8  source.o(.data)
    SystemCoreClock                          0x20000030   Data           4  system_stm32g0xx.o(.data)
    spi1                                     0x20000038   Data          32  source.o(.bss)
    mpu1                                     0x20000058   Data         256  source.o(.bss)
    adc                                      0x20000158   Data         616  source.o(.bss)
    __libspace_start                         0x200003c0   Data          96  libspace.o(.bss)
    __temporary_stack_top$libspace           0x20000420   Data           0  libspace.o(.bss)



==============================================================================

Memory Map of the image

  Image Entry point : 0x080000bd

  Load Region LR_IROM1 (Base: 0x08000000, Size: 0x00003a6c, Max: 0x00020000, ABSOLUTE)

    Execution Region ER_IROM1 (Exec base: 0x08000000, Load base: 0x08000000, Size: 0x00003a38, Max: 0x00020000, ABSOLUTE)

    Exec Addr    Load Addr    Size         Type   Attr      Idx    E Section Name        Object

    0x08000000   0x08000000   0x000000bc   Data   RO         1671    RESET               startup_stm32g071xx.o
    0x080000bc   0x080000bc   0x00000008   Code   RO         1731  * !!!main             c_p.l(__main.o)
    0x080000c4   0x080000c4   0x0000003c   Code   RO         2307    !!!scatter          c_p.l(__scatter.o)
    0x08000100   0x08000100   0x0000001a   Code   RO         2309    !!handler_copy      c_p.l(__scatter_copy.o)
    0x0800011a   0x0800011a   0x00000002   PAD
    0x0800011c   0x0800011c   0x0000001c   Code   RO         2311    !!handler_zi        c_p.l(__scatter_zi.o)
    0x08000138   0x08000138   0x00000002   Code   RO         2201    .ARM.Collect$$libinit$$00000000  c_p.l(libinit.o)
    0x0800013a   0x0800013a   0x00000000   Code   RO         1855    .ARM.Collect$$libinit$$00000002  c_p.l(libinit2.o)
    0x0800013a   0x0800013a   0x00000000   Code   RO         1857    .ARM.Collect$$libinit$$00000004  c_p.l(libinit2.o)
    0x0800013a   0x0800013a   0x00000008   Code   RO         1858    .ARM.Collect$$libinit$$00000005  c_p.l(libinit2.o)
    0x08000142   0x08000142   0x00000000   Code   RO         1860    .ARM.Collect$$libinit$$0000000A  c_p.l(libinit2.o)
    0x08000142   0x08000142   0x00000000   Code   RO         1862    .ARM.Collect$$libinit$$0000000C  c_p.l(libinit2.o)
    0x08000142   0x08000142   0x00000000   Code   RO         1864    .ARM.Collect$$libinit$$0000000E  c_p.l(libinit2.o)
    0x08000142   0x08000142   0x00000000   Code   RO         1867    .ARM.Collect$$libinit$$00000011  c_p.l(libinit2.o)
    0x08000142   0x08000142   0x00000000   Code   RO         1869    .ARM.Collect$$libinit$$00000013  c_p.l(libinit2.o)
    0x08000142   0x08000142   0x00000000   Code   RO         1871    .ARM.Collect$$libinit$$00000015  c_p.l(libinit2.o)
    0x08000142   0x08000142   0x00000000   Code   RO         1873    .ARM.Collect$$libinit$$00000017  c_p.l(libinit2.o)
    0x08000142   0x08000142   0x00000000   Code   RO         1875    .ARM.Collect$$libinit$$00000019  c_p.l(libinit2.o)
    0x08000142   0x08000142   0x00000000   Code   RO         1877    .ARM.Collect$$libinit$$0000001B  c_p.l(libinit2.o)
    0x08000142   0x08000142   0x00000000   Code   RO         1879    .ARM.Collect$$libinit$$0000001D  c_p.l(libinit2.o)
    0x08000142   0x08000142   0x00000000   Code   RO         1881    .ARM.Collect$$libinit$$0000001F  c_p.l(libinit2.o)
    0x08000142   0x08000142   0x00000000   Code   RO         1883    .ARM.Collect$$libinit$$00000021  c_p.l(libinit2.o)
    0x08000142   0x08000142   0x00000000   Code   RO         1885    .ARM.Collect$$libinit$$00000023  c_p.l(libinit2.o)
    0x08000142   0x08000142   0x00000000   Code   RO         1887    .ARM.Collect$$libinit$$00000025  c_p.l(libinit2.o)
    0x08000142   0x08000142   0x00000000   Code   RO         1891    .ARM.Collect$$libinit$$0000002C  c_p.l(libinit2.o)
    0x08000142   0x08000142   0x00000000   Code   RO         1893    .ARM.Collect$$libinit$$0000002E  c_p.l(libinit2.o)
    0x08000142   0x08000142   0x00000000   Code   RO         1895    .ARM.Collect$$libinit$$00000030  c_p.l(libinit2.o)
    0x08000142   0x08000142   0x00000004   Code   RO         1896    .ARM.Collect$$libinit$$00000031  c_p.l(libinit2.o)
    0x08000146   0x08000146   0x00000000   Code   RO         1897    .ARM.Collect$$libinit$$00000032  c_p.l(libinit2.o)
    0x08000146   0x08000146   0x00000002   Code   RO         1898    .ARM.Collect$$libinit$$00000033  c_p.l(libinit2.o)
    0x08000148   0x08000148   0x00000002   Code   RO         2292    .ARM.Collect$$libshutdown$$00000000  c_p.l(libshutdown.o)
    0x0800014a   0x0800014a   0x00000006   Code   RO         2012    .ARM.Collect$$libshutdown$$00000001  c_p.l(libshutdown2.o)
    0x08000150   0x08000150   0x00000000   Code   RO         2013    .ARM.Collect$$libshutdown$$00000002  c_p.l(libshutdown2.o)
    0x08000150   0x08000150   0x00000000   Code   RO         2015    .ARM.Collect$$libshutdown$$00000004  c_p.l(libshutdown2.o)
    0x08000150   0x08000150   0x00000000   Code   RO         2018    .ARM.Collect$$libshutdown$$00000007  c_p.l(libshutdown2.o)
    0x08000150   0x08000150   0x00000000   Code   RO         2021    .ARM.Collect$$libshutdown$$0000000A  c_p.l(libshutdown2.o)
    0x08000150   0x08000150   0x00000000   Code   RO         2023    .ARM.Collect$$libshutdown$$0000000C  c_p.l(libshutdown2.o)
    0x08000150   0x08000150   0x00000000   Code   RO         2026    .ARM.Collect$$libshutdown$$0000000F  c_p.l(libshutdown2.o)
    0x08000150   0x08000150   0x00000002   Code   RO         2027    .ARM.Collect$$libshutdown$$00000010  c_p.l(libshutdown2.o)
    0x08000152   0x08000152   0x00000000   Code   RO         1778    .ARM.Collect$$rtentry$$00000000  c_p.l(__rtentry.o)
    0x08000152   0x08000152   0x00000000   Code   RO         1956    .ARM.Collect$$rtentry$$00000002  c_p.l(__rtentry2.o)
    0x08000152   0x08000152   0x00000006   Code   RO         1968    .ARM.Collect$$rtentry$$00000004  c_p.l(__rtentry4.o)
    0x08000158   0x08000158   0x00000000   Code   RO         1958    .ARM.Collect$$rtentry$$00000009  c_p.l(__rtentry2.o)
    0x08000158   0x08000158   0x00000004   Code   RO         1959    .ARM.Collect$$rtentry$$0000000A  c_p.l(__rtentry2.o)
    0x0800015c   0x0800015c   0x00000000   Code   RO         1961    .ARM.Collect$$rtentry$$0000000C  c_p.l(__rtentry2.o)
    0x0800015c   0x0800015c   0x00000008   Code   RO         1962    .ARM.Collect$$rtentry$$0000000D  c_p.l(__rtentry2.o)
    0x08000164   0x08000164   0x00000002   Code   RO         2236    .ARM.Collect$$rtexit$$00000000  c_p.l(rtexit.o)
    0x08000166   0x08000166   0x00000000   Code   RO         2270    .ARM.Collect$$rtexit$$00000002  c_p.l(rtexit2.o)
    0x08000166   0x08000166   0x00000004   Code   RO         2271    .ARM.Collect$$rtexit$$00000003  c_p.l(rtexit2.o)
    0x0800016a   0x0800016a   0x00000006   Code   RO         2272    .ARM.Collect$$rtexit$$00000004  c_p.l(rtexit2.o)
    0x08000170   0x08000170   0x00000038   Code   RO         1717    .emb_text           c_p.l(rt_memcpy.o)
    0x080001a8   0x080001a8   0x00000000   Code   RO         2171    .emb_text           c_p.l(maybetermalloc1.o)
    0x080001a8   0x080001a8   0x00000038   Code   RO         1672    .text               startup_stm32g071xx.o
    0x080001e0   0x080001e0   0x0000002a   Code   RO         1714    .text               c_p.l(aeabi_atexit.o)
    0x0800020a   0x0800020a   0x00000040   Code   RO         1721    .text               c_p.l(rt_memclr.o)
    0x0800024a   0x0800024a   0x00000002   PAD
    0x0800024c   0x0800024c   0x00000088   Code   RO         1723    .text               c_p.l(strcmp.o)
    0x080002d4   0x080002d4   0x0000015a   Code   RO         1725    .text               c_p.l(aeabi_sdiv.o)
    0x0800042e   0x0800042e   0x00000006   Code   RO         1729    .text               c_p.l(heapauxi.o)
    0x08000434   0x08000434   0x00000024   Code   RO         1736    .text               c_p.l(init_aeabi.o)
    0x08000458   0x08000458   0x0000007c   Code   RO         1743    .text               fz_ps.l(d2f.o)
    0x080004d4   0x080004d4   0x00000358   Code   RO         1745    .text               fz_ps.l(daddsub.o)
    0x0800082c   0x0800082c   0x00000448   Code   RO         1747    .text               fz_ps.l(ddiv.o)
    0x08000c74   0x08000c74   0x00000048   Code   RO         1750    .text               fz_ps.l(dfixui.o)
    0x08000cbc   0x08000cbc   0x00000058   Code   RO         1752    .text               fz_ps.l(dflti.o)
    0x08000d14   0x08000d14   0x00000248   Code   RO         1756    .text               fz_ps.l(dmul.o)
    0x08000f5c   0x08000f5c   0x00000054   Code   RO         1760    .text               fz_ps.l(f2d.o)
    0x08000fb0   0x08000fb0   0x00000008   Code   RO         1786    .text               c_p.l(rt_new_handler_addr_intlibspace.o)
    0x08000fb8   0x08000fb8   0x00000008   Code   RO         1791    .text               c_p.l(rt_ddtor_pointer_addr_intlibspace.o)
    0x08000fc0   0x08000fc0   0x00000062   Code   RO         1795    .text               c_p.l(h1_alloc.o)
    0x08001022   0x08001022   0x00000042   Code   RO         1851    .text               c_p.l(cxa_finalize.o)
    0x08001064   0x08001064   0x00000008   Code   RO         1902    .text               cpprt_p.l(arm_newhandler_noexceptions.o)
    0x0800106c   0x0800106c   0x00000090   Code   RO         1918    .text               fz_ps.l(dcmpin.o)
    0x080010fc   0x080010fc   0x00000160   Code   RO         1928    .text               fz_ps.l(fdiv.o)
    0x0800125c   0x0800125c   0x00000008   Code   RO         1950    .text               c_p.l(libspace.o)
    0x08001264   0x08001264   0x00000008   Code   RO         1975    .text               c_p.l(rt_heap_descriptor_intlibspace.o)
    0x0800126c   0x0800126c   0x00000004   Code   RO         1982    .text               c_p.l(hguard.o)
    0x08001270   0x08001270   0x00000088   Code   RO         1984    .text               c_p.l(init_alloc.o)
    0x080012f8   0x080012f8   0x0000000e   Code   RO         1990    .text               c_p.l(h1_init.o)
    0x08001306   0x08001306   0x0000004c   Code   RO         1992    .text               c_p.l(h1_free.o)
    0x08001352   0x08001352   0x0000001c   Code   RO         2150    .text               cpprt_p.l(arm_exceptions_terminate.o)
    0x0800136e   0x0800136e   0x0000002e   Code   RO         2156    .text               fz_ps.l(cmpret.o)
    0x0800139c   0x0800139c   0x00000014   Code   RO         2158    .text               fz_ps.l(dnan2.o)
    0x080013b0   0x080013b0   0x00000044   Code   RO         2162    .text               fz_ps.l(fscalbn.o)
    0x080013f4   0x080013f4   0x0000003e   Code   RO         2166    .text               c_p.l(sys_stackheap_outer.o)
    0x08001432   0x08001432   0x00000034   Code   RO         2173    .text               c_p.l(h1_extend.o)
    0x08001466   0x08001466   0x00000010   Code   RO         2177    .text               c_p.l(exit.o)
    0x08001476   0x08001476   0x00000014   Code   RO         2179    .text               c_p.l(abort.o)
    0x0800148a   0x0800148a   0x0000000c   Code   RO         2185    .text               c_p.l(defsig_rtmem_outer.o)
    0x08001496   0x08001496   0x00000002   PAD
    0x08001498   0x08001498   0x00000054   Code   RO         2218    .text               cpprt_p.l(arm_exceptions_globs.o)
    0x080014ec   0x080014ec   0x0000005e   Code   RO         2228    .text               fz_ps.l(retnan.o)
    0x0800154a   0x0800154a   0x00000002   PAD
    0x0800154c   0x0800154c   0x0000000c   Code   RO         2230    .text               c_p.l(sys_exit.o)
    0x08001558   0x08001558   0x00000002   Code   RO         2232    .text               c_p.l(use_no_semi.o)
    0x0800155a   0x0800155a   0x00000000   Code   RO         2234    .text               c_p.l(indicate_semi.o)
    0x0800155a   0x0800155a   0x00000002   PAD
    0x0800155c   0x0800155c   0x00000008   Code   RO         2243    .text               c_p.l(rt_eh_globals_addr_intlibspace.o)
    0x08001564   0x08001564   0x0000000c   Code   RO         2249    .text               c_p.l(defsig_exit.o)
    0x08001570   0x08001570   0x0000000c   Code   RO         2251    .text               c_p.l(defsig_abrt_outer.o)
    0x0800157c   0x0800157c   0x00000050   Code   RO         2257    .text               c_p.l(defsig_rtmem_inner.o)
    0x080015cc   0x080015cc   0x00000042   Code   RO         2262    .text               cpprt_p.l(arm_exceptions_mem.o)
    0x0800160e   0x0800160e   0x00000034   Code   RO         2282    .text               c_p.l(defsig_general.o)
    0x08001642   0x08001642   0x00000002   PAD
    0x08001644   0x08001644   0x00000030   Code   RO         2284    .text               c_p.l(defsig_abrt_inner.o)
    0x08001674   0x08001674   0x0000000c   Code   RO         2286    .text               c_p.l(sys_wrch.o)
    0x08001680   0x08001680   0x0000002c   Code   RO            3    i.DMA1_Channel1_IRQHandler  source.o
    0x080016ac   0x080016ac   0x00000054   Code   RO          254    i.EnableDmaIRQn     periph_use.o
    0x08001700   0x08001700   0x0000006c   Code   RO          256    i.EnableTimIRQn     periph_use.o
    0x0800176c   0x0800176c   0x00000040   Code   RO          768    i.LL_ADC_Init       stm32g0xx_ll_adc.o
    0x080017ac   0x080017ac   0x00000010   Code   RO          769    i.LL_ADC_IsEnabled  stm32g0xx_ll_adc.o
    0x080017bc   0x080017bc   0x0000007c   Code   RO          770    i.LL_ADC_REG_Init   stm32g0xx_ll_adc.o
    0x08001838   0x08001838   0x000000a4   Code   RO          846    i.LL_DAC_Init       stm32g0xx_ll_dac.o
    0x080018dc   0x080018dc   0x00000094   Code   RO          884    i.LL_DMA_Init       stm32g0xx_ll_dma.o
    0x08001970   0x08001970   0x00000024   Code   RO          885    i.LL_DMA_SetPeriphRequest  stm32g0xx_ll_dma.o
    0x08001994   0x08001994   0x000000fa   Code   RO         1014    i.LL_GPIO_Init      stm32g0xx_ll_gpio.o
    0x08001a8e   0x08001a8e   0x00000002   PAD
    0x08001a90   0x08001a90   0x00000078   Code   RO         1280    i.LL_SPI_Init       stm32g0xx_ll_spi.o
    0x08001b08   0x08001b08   0x000000b8   Code   RO         1354    i.LL_TIM_Init       stm32g0xx_ll_tim.o
    0x08001bc0   0x08001bc0   0x000000ec   Code   RO         1678    i.SystemCoreClockUpdate  system_stm32g0xx.o
    0x08001cac   0x08001cac   0x00000010   Code   RO         1679    i.SystemInit        system_stm32g0xx.o
    0x08001cbc   0x08001cbc   0x00000034   Code   RO            4    i.TIM3_IRQHandler   source.o
    0x08001cf0   0x08001cf0   0x00000074   Code   RO            5    i.TIM6_DAC_LPTIM1_IRQHandler  source.o
    0x08001d64   0x08001d64   0x0000004c   Code   RO            6    i._Z10ADCVoltagev   source.o
    0x08001db0   0x08001db0   0x00000068   Code   RO            7    i._Z10InitPeriphv   source.o
    0x08001e18   0x08001e18   0x000000d4   Code   RO            8    i._Z11DutyVoltagev  source.o
    0x08001eec   0x08001eec   0x00000080   Code   RO            9    i._Z13LinearVoltagev  source.o
    0x08001f6c   0x08001f6c   0x00000004   Code   RO          533    i._Z20LL_GPIO_SetOutputPinP12GPIO_TypeDefj  mpu_controller.o
    0x08001f70   0x08001f70   0x00000004   Code   RO           11    i._Z22LL_GPIO_ResetOutputPinP12GPIO_TypeDefj  source.o
    0x08001f74   0x08001f74   0x00000014   Code   RO           12    i._Z22LL_RCC_SetSysClkSourcej  source.o
    0x08001f88   0x08001f88   0x0000000a   Code   RO           13    i._Z22LL_TIM_EnableIT_UPDATEP11TIM_TypeDef  source.o
    0x08001f92   0x08001f92   0x00000008   Code   RO           14    i._Z23LL_TIM_ClearFlag_UPDATEP11TIM_TypeDef  source.o
    0x08001f9a   0x08001f9a   0x00000002   PAD
    0x08001f9c   0x08001f9c   0x00000010   Code   RO          664    i._Z26LL_ADC_REG_StartConversionP11ADC_TypeDef  adc_controller.o
    0x08001fac   0x08001fac   0x00000018   Code   RO          388    i._Z32LL_DAC_ConvertData12RightAlignedP11DAC_TypeDefjj  dac_controller.o
    0x08001fc4   0x08001fc4   0x000000a8   Code   RO           15    i._Z7InitADCv       source.o
    0x0800206c   0x0800206c   0x0000007c   Code   RO           16    i._Z7InitDACv       source.o
    0x080020e8   0x080020e8   0x000000d0   Code   RO           17    i._Z7InitRCCv       source.o
    0x080021b8   0x080021b8   0x0000004c   Code   RO           18    i._Z8InitGPIOv      source.o
    0x08002204   0x08002204   0x00000048   Code   RO           19    i._Z8InitSPI1v      source.o
    0x0800224c   0x0800224c   0x00000084   Code   RO           20    i._Z9InitTimerv     source.o
    0x080022d0   0x080022d0   0x00000092   Code   RO          666    i._ZN13ADCController12RanksCounterEv  adc_controller.o
    0x08002362   0x08002362   0x00000036   Code   RO          667    i._ZN13ADCController13GetRawMeasureEPKc  adc_controller.o
    0x08002398   0x08002398   0x0000003c   Code   RO          668    i._ZN13ADCController4InitEv  adc_controller.o
    0x080023d4   0x080023d4   0x00000054   Code   RO          669    i._ZN13ADCController7AddLineEP10ADC_Struct  adc_controller.o
    0x08002428   0x08002428   0x0000004a   Code   RO          670    i._ZN13ADCController7GetRankEh  adc_controller.o
    0x08002472   0x08002472   0x00000002   PAD
    0x08002474   0x08002474   0x00000094   Code   RO          671    i._ZN13ADCController7InitDMAEv  adc_controller.o
    0x08002508   0x08002508   0x00000190   Code   RO          672    i._ZN13ADCController7ProcessEv  adc_controller.o
    0x08002698   0x08002698   0x00000038   Code   RO          673    i._ZN13ADCController8InitGPIOEv  adc_controller.o
    0x080026d0   0x080026d0   0x00000108   Code   RO          674    i._ZN13ADCController9InitLinesEv  adc_controller.o
    0x080027d8   0x080027d8   0x00000034   Code   RO          675    i._ZN13ADCControllerC1Ev  adc_controller.o
    0x0800280c   0x0800280c   0x00000002   Code   RO          676    i._ZN13ADCControllerD1Ev  adc_controller.o
    0x0800280e   0x0800280e   0x00000002   PAD
    0x08002810   0x08002810   0x0000003c   Code   RO          389    i._ZN13DACController10SetBindingEPKct  dac_controller.o
    0x0800284c   0x0800284c   0x00000012   Code   RO          391    i._ZN13DACController4InitEv  dac_controller.o
    0x0800285e   0x0800285e   0x00000032   Code   RO          392    i._ZN13DACController7AddLineEP10DAC_Struct  dac_controller.o
    0x08002890   0x08002890   0x00000050   Code   RO          393    i._ZN13DACController7InitDACEv  dac_controller.o
    0x080028e0   0x080028e0   0x00000034   Code   RO          394    i._ZN13DACController8InitGPIOEv  dac_controller.o
    0x08002914   0x08002914   0x00000006   Code   RO          395    i._ZN13DACControllerC1Ev  dac_controller.o
    0x0800291a   0x0800291a   0x00000002   Code   RO          396    i._ZN13DACControllerD1Ev  dac_controller.o
    0x0800291c   0x0800291c   0x0000000a   Code   RO          534    i._ZN13MPUController10EnableChipEv  mpu_controller.o
    0x08002926   0x08002926   0x0000000e   Code   RO          535    i._ZN13MPUController11DisableChipEv  mpu_controller.o
    0x08002934   0x08002934   0x000000b4   Code   RO          536    i._ZN13MPUController12ReadGyroDataEv  mpu_controller.o
    0x080029e8   0x080029e8   0x0000002e   Code   RO          537    i._ZN13MPUController12ReadRegisterEh  mpu_controller.o
    0x08002a16   0x08002a16   0x0000000c   Code   RO          538    i._ZN13MPUController13InitializeMPUEv  mpu_controller.o
    0x08002a22   0x08002a22   0x00000002   PAD
    0x08002a24   0x08002a24   0x000000b4   Code   RO          539    i._ZN13MPUController13ReadAccelDataEv  mpu_controller.o
    0x08002ad8   0x08002ad8   0x0000002e   Code   RO          540    i._ZN13MPUController13WriteRegisterEhh  mpu_controller.o
    0x08002b06   0x08002b06   0x00000002   PAD
    0x08002b08   0x08002b08   0x00000114   Code   RO          541    i._ZN13MPUController14FilterGyroDataEv  mpu_controller.o
    0x08002c1c   0x08002c1c   0x000000d4   Code   RO          542    i._ZN13MPUController15FilterAccelDataEv  mpu_controller.o
    0x08002cf0   0x08002cf0   0x00000018   Code   RO          543    i._ZN13MPUController4InitEP13SPIControllerP12GPIO_TypeDefj  mpu_controller.o
    0x08002d08   0x08002d08   0x00000164   Code   RO          544    i._ZN13MPUController7CountRPEv  mpu_controller.o
    0x08002e6c   0x08002e6c   0x0000002e   Code   RO          546    i._ZN13MPUController8InitGPIOEv  mpu_controller.o
    0x08002e9a   0x08002e9a   0x00000064   Code   RO          547    i._ZN13MPUController9SetupChipEv  mpu_controller.o
    0x08002efe   0x08002efe   0x000000ac   Code   RO          548    i._ZN13MPUControllerC1Ev  mpu_controller.o
    0x08002faa   0x08002faa   0x00000002   Code   RO          549    i._ZN13MPUControllerD1Ev  mpu_controller.o
    0x08002fac   0x08002fac   0x00000024   Code   RO          480    i._ZN13SPIController4InitE10SPI_Struct  spi_controller.o
    0x08002fd0   0x08002fd0   0x00000058   Code   RO          481    i._ZN13SPIController7InitSPIEv  spi_controller.o
    0x08003028   0x08003028   0x00000040   Code   RO          482    i._ZN13SPIController8InitGPIOEv  spi_controller.o
    0x08003068   0x08003068   0x00000028   Code   RO          483    i._ZN13SPIController8TransmitEh  spi_controller.o
    0x08003090   0x08003090   0x00000002   Code   RO          484    i._ZN13SPIControllerC1Ev  spi_controller.o
    0x08003092   0x08003092   0x00000002   Code   RO          485    i._ZN13SPIControllerD1Ev  spi_controller.o
    0x08003094   0x08003094   0x00000028   Code   RO         1739    i._Znwj             cpprt_p.l(new.o)
    0x080030bc   0x080030bc   0x0000001c   Code   RO          309    i.__ARM_common_switch8  periph_use.o
    0x080030d8   0x080030d8   0x00000022   Code   RO         1934    i.__ARM_fpclassifyf  m_ps.l(fpclassifyf.o)
    0x080030fa   0x080030fa   0x00000002   PAD
    0x080030fc   0x080030fc   0x00000020   Code   RO          259    i.__NVIC_EnableIRQ  periph_use.o
    0x0800311c   0x0800311c   0x00000078   Code   RO          260    i.__NVIC_SetPriority  periph_use.o
    0x08003194   0x08003194   0x00000008   Code   RO         1938    i.__mathlib_flt_infnan2  m_ps.l(funder.o)
    0x0800319c   0x0800319c   0x0000000e   Code   RO         1942    i.__mathlib_flt_underflow  m_ps.l(funder.o)
    0x080031aa   0x080031aa   0x00000002   PAD
    0x080031ac   0x080031ac   0x00000068   Code   RO           21    i.__sti___10_Source_cpp_dac  source.o
    0x08003214   0x08003214   0x0000025c   Code   RO         1763    i.atan2f            m_ps.l(atan2f.o)
    0x08003470   0x08003470   0x00000184   Code   RO           22    i.main              source.o
    0x080035f4   0x080035f4   0x00000064   Code   RO         1754    x$fpl$dleqf         fz_ps.l(dlef.o)
    0x08003658   0x08003658   0x00000068   Code   RO         1758    x$fpl$drleqf        fz_ps.l(drlef.o)
    0x080036c0   0x080036c0   0x0000008c   Code   RO         1922    x$fpl$fadd          fz_ps.l(faddsub.o)
    0x0800374c   0x0800374c   0x000000b0   Code   RO         1931    x$fpl$fmul          fz_ps.l(fmul.o)
    0x080037fc   0x080037fc   0x00000018   Code   RO         1923    x$fpl$frsb          fz_ps.l(faddsub.o)
    0x08003814   0x08003814   0x000000d0   Code   RO         1924    x$fpl$fsub          fz_ps.l(faddsub.o)
    0x080038e4   0x080038e4   0x00000000   Code   RO         1933    x$fpl$usenofp       fz_ps.l(usenofp.o)
    0x080038e4   0x080038e4   0x00000007   Data   RO          690    .constdata          adc_controller.o
    0x080038eb   0x080038eb   0x00000007   Data   RO          887    .constdata          stm32g0xx_ll_dma.o
    0x080038f2   0x080038f2   0x00000002   PAD
    0x080038f4   0x080038f4   0x00000060   Data   RO         1680    .constdata          system_stm32g0xx.o
    0x08003954   0x08003954   0x00000080   Data   RO         1748    .constdata          fz_ps.l(ddiv.o)
    0x080039d4   0x080039d4   0x00000040   Data   RO         1929    .constdata          fz_ps.l(fdiv.o)
    0x08003a14   0x08003a14   0x00000020   Data   RO         2305    Region$$Table       anon$$obj.o
    0x08003a34   0x08003a34   0x00000004   Data   RO           45    .init_array         source.o
    0x08003a38   0x08003a34   0x00000000   Data   RO         1734    .init_array         c_p.l(init_aeabi.o)


    Execution Region RW_IRAM1 (Exec base: 0x20000000, Load base: 0x08003a38, Size: 0x00000a20, Max: 0x00009000, ABSOLUTE)

    Exec Addr    Load Addr    Size         Type   Attr      Idx    E Section Name        Object

    0x20000000   0x08003a38   0x00000030   Data   RW           44    .data               source.o
    0x20000030   0x08003a68   0x00000004   Data   RW         1681    .data               system_stm32g0xx.o
    0x20000034   0x08003a6c   0x00000004   PAD
    0x20000038        -       0x00000388   Zero   RW           43    .bss                source.o
    0x200003c0        -       0x00000060   Zero   RW         1951    .bss                c_p.l(libspace.o)
    0x20000420        -       0x00000200   Zero   RW         1670    HEAP                startup_stm32g071xx.o
    0x20000620        -       0x00000400   Zero   RW         1669    STACK               startup_stm32g071xx.o


==============================================================================

Image component sizes


      Code (inc. data)   RO Data    RW Data    ZI Data      Debug   Object Name

      1356         60          7          0          0      51700   adc_controller.o
       292         10          0          0          0      19632   dac_controller.o
      1680         42          0          0          0      14860   mpu_controller.o
       372         38          0          0          0     339608   periph_use.o
      2046        332          4         48        904     422588   source.o
       232          0          0          0          0      15700   spi_controller.o
        56         26        188          0       1536        652   startup_stm32g071xx.o
       204         12          0          0          0      38608   stm32g0xx_ll_adc.o
       164          6          0          0          0      16282   stm32g0xx_ll_dac.o
       184         14          7          0          0      16550   stm32g0xx_ll_dma.o
       250          0          0          0          0       7271   stm32g0xx_ll_gpio.o
       120          8          0          0          0      17526   stm32g0xx_ll_spi.o
       184         26          0          0          0      41074   stm32g0xx_ll_tim.o
       252         28         96          4          0       2263   system_stm32g0xx.o

    ----------------------------------------------------------------------
      7404        602        336         52       2444    1004314   Object Totals
         0          0         32          0          0          0   (incl. Generated)
        12          0          2          0          4          0   (incl. Padding)

    ----------------------------------------------------------------------

      Code (inc. data)   RO Data    RW Data    ZI Data      Debug   Library Member Name

         8          0          0          0          0         68   __main.o
         0          0          0          0          0          0   __rtentry.o
        12          0          0          0          0          0   __rtentry2.o
         6          0          0          0          0          0   __rtentry4.o
        60          8          0          0          0          0   __scatter.o
        26          0          0          0          0          0   __scatter_copy.o
        28          0          0          0          0          0   __scatter_zi.o
        20          0          0          0          0         68   abort.o
        42          0          0          0          0         76   aeabi_atexit.o
       346          0          0          0          0         92   aeabi_sdiv.o
        66          0          0          0          0         76   cxa_finalize.o
        48         34          0          0          0         68   defsig_abrt_inner.o
        12          0          0          0          0         68   defsig_abrt_outer.o
        12          0          0          0          0         68   defsig_exit.o
        52          0          0          0          0         72   defsig_general.o
        80         58          0          0          0         68   defsig_rtmem_inner.o
        12          0          0          0          0         68   defsig_rtmem_outer.o
        16          0          0          0          0         68   exit.o
        98          0          0          0          0         72   h1_alloc.o
        52          0          0          0          0         68   h1_extend.o
        76          0          0          0          0         72   h1_free.o
        14          0          0          0          0         76   h1_init.o
         6          0          0          0          0        136   heapauxi.o
         4          0          0          0          0        120   hguard.o
         0          0          0          0          0          0   indicate_semi.o
        36         10          0          0          0         72   init_aeabi.o
       136          0          0          0          0        160   init_alloc.o
         2          0          0          0          0          0   libinit.o
        14          0          0          0          0          0   libinit2.o
         2          0          0          0          0          0   libshutdown.o
         8          0          0          0          0          0   libshutdown2.o
         8          4          0          0         96         68   libspace.o
         0          0          0          0          0          0   maybetermalloc1.o
         8          4          0          0          0         68   rt_ddtor_pointer_addr_intlibspace.o
         8          4          0          0          0         68   rt_eh_globals_addr_intlibspace.o
         8          4          0          0          0         68   rt_heap_descriptor_intlibspace.o
        64          0          0          0          0        108   rt_memclr.o
        56          0          0          0          0         68   rt_memcpy.o
         8          4          0          0          0         68   rt_new_handler_addr_intlibspace.o
         2          0          0          0          0          0   rtexit.o
        10          0          0          0          0          0   rtexit2.o
       136          4          0          0          0         72   strcmp.o
        12          4          0          0          0         60   sys_exit.o
        62          0          0          0          0         80   sys_stackheap_outer.o
        12          0          0          0          0         68   sys_wrch.o
         2          0          0          0          0         68   use_no_semi.o
        84         12          0          0          0         96   arm_exceptions_globs.o
        66          0          0          0          0        100   arm_exceptions_mem.o
        28          0          0          0          0         68   arm_exceptions_terminate.o
         8          0          0          0          0         68   arm_newhandler_noexceptions.o
        40          4          0          0          0         68   new.o
        46          0          0          0          0         60   cmpret.o
       124          4          0          0          0         72   d2f.o
       856         20          0          0          0        208   daddsub.o
       144          4          0          0          0         76   dcmpin.o
      1096         26        128          0          0        112   ddiv.o
        72          4          0          0          0         68   dfixui.o
        88          0          0          0          0         92   dflti.o
       100          4          0          0          0         92   dlef.o
       584         26          0          0          0         84   dmul.o
        20          6          0          0          0         68   dnan2.o
       104          4          0          0          0        104   drlef.o
        84          4          0          0          0         60   f2d.o
       372          8          0          0          0        240   faddsub.o
       352         10         64          0          0         92   fdiv.o
       176          4          0          0          0         80   fmul.o
        68          4          0          0          0         68   fscalbn.o
        94          0          0          0          0         68   retnan.o
         0          0          0          0          0          0   usenofp.o
       604         78          0          0          0        120   atan2f.o
        34          0          0          0          0         60   fpclassifyf.o
        22          0          0          0          0        136   funder.o

    ----------------------------------------------------------------------
      6972        360        192          0         96       4860   Library Totals
        16          0          0          0          0          0   (incl. Padding)

    ----------------------------------------------------------------------

      Code (inc. data)   RO Data    RW Data    ZI Data      Debug   Library Name

      1690        138          0          0         96       2500   c_p.l
       226         16          0          0          0        400   cpprt_p.l
      4380        128        192          0          0       1644   fz_ps.l
       660         78          0          0          0        316   m_ps.l

    ----------------------------------------------------------------------
      6972        360        192          0         96       4860   Library Totals

    ----------------------------------------------------------------------

==============================================================================


      Code (inc. data)   RO Data    RW Data    ZI Data      Debug   

     14376        962        528         52       2540    1003354   Grand Totals
     14376        962        528         52       2540    1003354   ELF Image Totals
     14376        962        528         52          0          0   ROM Totals

==============================================================================

    Total RO  Size (Code + RO Data)                14904 (  14.55kB)
    Total RW  Size (RW Data + ZI Data)              2592 (   2.53kB)
    Total ROM Size (Code + RO Data + RW Data)      14956 (  14.61kB)

==============================================================================

